### cell=1 gen_toks=16 prompt=<Once upon a time>
  LAYERDUMP fp-env=pinned control=x86_64 MXCSR FTZ(bit 15)+DAZ(bit 6)
  LAYERDUMP bytes=51750154
  LAYERDUMP witness-digest d82743059d1db929e710236fe4ec37f89e6f932524801345a006980f7c3cc9df
  LAYERDUMP argmax-digest 0b9c8f3ac90d0b9cd5f1719ac327dca1fc639fd87468305fccebbe3d56f67aff
  E36 prompt_ids=6403,1980,253,655
  E36 generated_ids=28,665,436,253,1838,8180,3365,14176,30,2306,4161,281,253,2066,2291,351
  E36 oracle_feed_len=19
  E36 oracle_argmax_per_step=346,253,655,28,665,436,253,1838,8180,3365,14176,30,2306,4161,281,253,2066,2291,351
  E36 TOKEN CHECK PASS (oracle reproduces every generated id)
  E28 verifier tensors=7467 duplicate-records=7467 duplicates-that-differ=0
  E28 oracle   tensors=7467 duplicate-records=0 duplicates-that-differ=0
  E28 compared tensors=7467
  E28 shape-mismatches=0
  E28 WORST rel_l2 over all 7467 tensors: 2.228e-05 at p0.L10.down_proj (max_abs=1.450e-03 rel_rms=3.870e-04)
  E28 WORST rel_rms: 4.094e-04 at p0.L9.resid_mlp (rel_l2=1.719e-05 max_abs=1.801e-03)
  
  E28 --- by tensor kind (max over all layers and positions) ---
  kind              n   max rel_l2  max rel_rms
  down_proj       570    2.228e-05    3.870e-04
  logits           19    1.756e-05    4.182e-05
  resid_mlp       570    1.719e-05    4.094e-04
  mlp_act         570    1.680e-05    3.049e-04
  attn_out        570    1.625e-05    1.105e-04
  v_proj          570    1.625e-05    6.264e-05
  resid_attn      570    1.562e-05    3.642e-04
  o_proj          570    1.461e-05    1.658e-04
  ln2             570    1.257e-05    1.790e-04
  ln1             570    1.252e-05    1.972e-04
  final_norm       19    1.072e-05    9.213e-05
  up_proj         570    1.055e-05    1.067e-04
  q_proj          570    9.723e-06    3.264e-05
  k_proj          570    9.636e-06    6.535e-05
  gate_proj       570    8.835e-06    7.208e-05
  embed            19    0.000e+00    0.000e+00
  
  E28 --- by depth (max over all 19 positions) ---
  layer   own tensors    resid_mlp  cancellation
         worst rel_l2       rel_l2    x at worst
      0     1.680e-06    1.595e-06          1.12
      1     4.344e-06    1.323e-06          1.23
      2     3.121e-06    1.370e-06          1.28
      3     3.143e-06    1.603e-06          1.27
      4     6.462e-06    1.925e-06          1.30
      5     3.970e-06    1.995e-06          1.27
      6     3.621e-06    2.098e-06          1.26
      7     8.544e-06    2.082e-06          1.31
      8     4.785e-06    1.956e-06          1.49
      9     5.182e-06    1.719e-05          8.53
     10     2.228e-05    1.131e-05          6.10
     11     1.625e-05    4.727e-06          1.35
     12     1.227e-05    5.329e-06          1.30
     13     1.355e-05    5.342e-06          1.25
     14     1.229e-05    5.002e-06          1.19
     15     1.150e-05    4.823e-06          1.20
     16     1.073e-05    4.905e-06          1.17
     17     1.008e-05    5.037e-06          1.23
     18     9.379e-06    5.181e-06          1.30
     19     9.485e-06    5.458e-06          1.29
     20     9.735e-06    5.643e-06          1.31
     21     9.129e-06    5.400e-06          1.26
     22     9.558e-06    5.544e-06          1.37
     23     8.095e-06    5.476e-06          1.25
     24     9.374e-06    5.226e-06          1.23
     25     9.340e-06    5.227e-06          1.25
     26     1.082e-05    5.404e-06          1.31
     27     1.091e-05    5.102e-06          1.34
     28     1.503e-05    4.673e-06          7.98
     29     1.018e-05    1.130e-05         20.60
  E28 per-layer worst own-tensor rel_l2: min=1.680e-06 max=2.228e-05 spread=13.26x over 30 layers
  E28 layers whose own-tensor error more than tripled over the previous layer: 1 [(10, 4.299069714433351)]
  
  E28 --- does a layer create error, or carry in what it was handed? ---
  layer   carried-in      own ln1   ratio    worst own  /carried
      1    1.595e-06    1.387e-06    0.87    4.344e-06      2.72
      2    1.323e-06    1.415e-06    1.07    3.121e-06      2.36
      3    1.370e-06    1.496e-06    1.09    3.143e-06      2.29
      4    1.603e-06    1.894e-06    1.18    6.462e-06      4.03
      5    1.925e-06    1.969e-06    1.02    3.970e-06      2.06
      6    1.995e-06    2.181e-06    1.09    3.621e-06      1.82
      7    2.098e-06    2.236e-06    1.07    8.544e-06      4.07
      8    2.082e-06    2.097e-06    1.01    4.785e-06      2.30
      9    1.956e-06    1.855e-06    0.95    5.182e-06      2.65
     10    1.719e-05    1.252e-05    0.73    2.228e-05      1.30
     11    1.131e-05    9.514e-06    0.84    1.625e-05      1.44
     12    4.727e-06    4.810e-06    1.02    1.227e-05      2.60
     13    5.329e-06    5.114e-06    0.96    1.355e-05      2.54
     14    5.342e-06    6.062e-06    1.13    1.229e-05      2.30
     15    5.002e-06    5.681e-06    1.14    1.150e-05      2.30
     16    4.823e-06    4.875e-06    1.01    1.073e-05      2.22
     17    4.905e-06    5.335e-06    1.09    1.008e-05      2.06
     18    5.037e-06    5.483e-06    1.09    9.379e-06      1.86
     19    5.181e-06    5.160e-06    1.00    9.485e-06      1.83
     20    5.458e-06    6.007e-06    1.10    9.735e-06      1.78
     21    5.643e-06    6.202e-06    1.10    9.129e-06      1.62
     22    5.400e-06    5.975e-06    1.11    9.558e-06      1.77
     23    5.544e-06    6.026e-06    1.09    8.095e-06      1.46
     24    5.476e-06    5.436e-06    0.99    9.374e-06      1.71
     25    5.226e-06    5.536e-06    1.06    9.340e-06      1.79
     26    5.227e-06    5.914e-06    1.13    1.082e-05      2.07
     27    5.404e-06    5.615e-06    1.04    1.091e-05      2.02
     28    5.102e-06    5.984e-06    1.17    1.503e-05      2.95
     29    4.673e-06    5.241e-06    1.12    1.018e-05      2.18
  E28 worst amplification of the carried-in error by any layer's own tensors: 4.07x
  E28 (a divergent layer would show a large ratio at that layer alone; a compensating layer, a ratio far below 1)
  
  E28 --- worst 12 tensors by rel_l2 ---
  tensor                         rel_l2      max_abs      rel_rms
  p0.L10.down_proj            2.228e-05    1.450e-03    3.870e-04
  p3.logits                   1.756e-05    1.574e-04    4.182e-05
  p0.L9.resid_mlp             1.719e-05    1.801e-03    4.094e-04
  p0.L10.mlp_act              1.680e-05    1.460e-04    3.049e-04
  p0.L11.attn_out             1.625e-05    3.937e-05    6.264e-05
  p0.L11.v_proj               1.625e-05    3.937e-05    6.264e-05
  p0.L10.resid_attn           1.562e-05    1.678e-03    3.642e-04
  p3.L28.attn_out             1.503e-05    4.256e-05    1.070e-04
  p0.L11.o_proj               1.461e-05    3.405e-04    1.658e-04
  p1.L10.o_proj               1.455e-05    7.010e-05    5.182e-05
  p1.L13.mlp_act              1.355e-05    2.915e-05    1.411e-04
  p1.L11.attn_out             1.270e-05    3.785e-05    6.091e-05
  
  E28 logits: n=19 max rel_l2=1.756e-05 max rel_rms=4.182e-05 max abs=3.595e-04
### cell=2 gen_toks=16 prompt=<The quick brown fox jumps over the lazy dog>
  LAYERDUMP fp-env=pinned control=x86_64 MXCSR FTZ(bit 15)+DAZ(bit 6)
  LAYERDUMP bytes=65370684
  LAYERDUMP witness-digest d385cef0d855fe230748f9fae943d18a69b786cffc63b4b831b6e4f97e6b47b7
  LAYERDUMP argmax-digest 486f2b3a317dd823fee3618f3eb25156379878b06cd07e576d36e9cf786eb995
  E36 prompt_ids=504,2365,6354,16438,27003,690,260,23790,2767
  E36 generated_ids=198,198,504,2365,6354,16438,27003,690,260,23790,2767,30,198,198,504,2365
  E36 oracle_feed_len=24
  E36 oracle_argmax_per_step=808,381,16438,27003,690,260,23790,2767,198,198,504,2365,6354,16438,27003,690,260,23790,2767,30,198,198,504,2365
  E36 TOKEN CHECK PASS (oracle reproduces every generated id)
  E28 verifier tensors=9432 duplicate-records=9432 duplicates-that-differ=0
  E28 oracle   tensors=9432 duplicate-records=0 duplicates-that-differ=0
  E28 compared tensors=9432
  E28 shape-mismatches=0
  E28 WORST rel_l2 over all 9432 tensors: 3.406e-05 at p0.L11.attn_out (max_abs=9.120e-05 rel_rms=1.593e-04)
  E28 WORST rel_rms: 8.935e-04 at p0.L10.mlp_act (rel_l2=3.353e-05 max_abs=3.891e-04)
  
  E28 --- by tensor kind (max over all layers and positions) ---
  kind              n   max rel_l2  max rel_rms
  attn_out        720    3.406e-05    1.703e-04
  v_proj          720    3.406e-05    1.593e-04
  mlp_act         720    3.353e-05    8.935e-04
  down_proj       720    3.210e-05    5.816e-04
  o_proj          720    2.655e-05    3.528e-04
  logits           24    2.580e-05    5.990e-05
  ln1             720    2.463e-05    4.024e-04
  resid_mlp       720    2.356e-05    4.216e-04
  final_norm       24    2.297e-05    2.011e-04
  ln2             720    2.067e-05    3.090e-04
  q_proj          720    1.967e-05    7.675e-05
  resid_attn      720    1.808e-05    4.226e-04
  k_proj          720    1.407e-05    6.142e-05
  up_proj         720    1.250e-05    1.577e-04
  gate_proj       720    1.165e-05    1.129e-04
  embed            24    0.000e+00    0.000e+00
  
  E28 --- by depth (max over all 19 positions) ---
  layer   own tensors    resid_mlp  cancellation
         worst rel_l2       rel_l2    x at worst
      0     2.558e-06    1.887e-06          1.13
      1     3.567e-06    1.128e-06          1.17
      2     6.536e-06    1.810e-06          1.34
      3     5.163e-06    1.813e-06          1.29
      4     3.493e-06    1.819e-06          1.35
      5     5.021e-06    1.965e-06          1.32
      6     3.944e-06    2.081e-06          1.26
      7     4.196e-06    1.928e-06          1.26
      8     5.470e-06    2.174e-06          1.34
      9     6.631e-06    1.787e-05          6.35
     10     3.353e-05    2.356e-05          6.08
     11     3.406e-05    6.510e-06          1.41
     12     2.308e-05    7.360e-06          1.26
     13     2.056e-05    7.943e-06          1.23
     14     1.683e-05    8.053e-06          1.21
     15     1.859e-05    7.382e-06          1.22
     16     1.880e-05    7.577e-06          1.21
     17     1.809e-05    7.904e-06          1.32
     18     1.533e-05    8.524e-06          1.30
     19     1.506e-05    7.964e-06          1.27
     20     1.385e-05    7.927e-06          1.33
     21     1.365e-05    7.894e-06          1.28
     22     1.187e-05    7.596e-06          1.33
     23     1.668e-05    7.963e-06          1.30
     24     1.119e-05    8.131e-06          1.42
     25     1.703e-05    8.841e-06          1.37
     26     1.644e-05    9.095e-06          1.36
     27     1.471e-05    9.364e-06          1.36
     28     1.323e-05    1.253e-05          9.33
     29     2.430e-05    1.687e-05         17.12
  E28 per-layer worst own-tensor rel_l2: min=2.558e-06 max=3.406e-05 spread=13.31x over 30 layers
  E28 layers whose own-tensor error more than tripled over the previous layer: 1 [(10, 5.056359529302311)]
  
  E28 --- does a layer create error, or carry in what it was handed? ---
  layer   carried-in      own ln1   ratio    worst own  /carried
      1    1.887e-06    1.660e-06    0.88    3.567e-06      1.89
      2    1.128e-06    1.321e-06    1.17    6.536e-06      5.80
      3    1.810e-06    1.236e-06    0.68    5.163e-06      2.85
      4    1.813e-06    1.394e-06    0.77    3.493e-06      1.93
      5    1.819e-06    1.439e-06    0.79    5.021e-06      2.76
      6    1.965e-06    1.833e-06    0.93    3.944e-06      2.01
      7    2.081e-06    1.941e-06    0.93    4.196e-06      2.02
      8    1.928e-06    1.888e-06    0.98    5.470e-06      2.84
      9    2.174e-06    1.909e-06    0.88    6.631e-06      3.05
     10    1.787e-05    9.110e-06    0.51    3.353e-05      1.88
     11    2.356e-05    2.463e-05    1.05    3.406e-05      1.45
     12    6.510e-06    5.548e-06    0.85    2.308e-05      3.55
     13    7.360e-06    6.302e-06    0.86    2.056e-05      2.79
     14    7.943e-06    7.128e-06    0.90    1.683e-05      2.12
     15    8.053e-06    7.070e-06    0.88    1.859e-05      2.31
     16    7.382e-06    5.905e-06    0.80    1.880e-05      2.55
     17    7.577e-06    6.888e-06    0.91    1.809e-05      2.39
     18    7.904e-06    7.257e-06    0.92    1.533e-05      1.94
     19    8.524e-06    6.387e-06    0.75    1.506e-05      1.77
     20    7.964e-06    7.430e-06    0.93    1.385e-05      1.74
     21    7.927e-06    6.858e-06    0.87    1.365e-05      1.72
     22    7.894e-06    7.133e-06    0.90    1.187e-05      1.50
     23    7.596e-06    7.855e-06    1.03    1.668e-05      2.20
     24    7.963e-06    7.432e-06    0.93    1.119e-05      1.40
     25    8.131e-06    8.010e-06    0.99    1.703e-05      2.09
     26    8.841e-06    8.760e-06    0.99    1.644e-05      1.86
     27    9.095e-06    9.229e-06    1.01    1.471e-05      1.62
     28    9.364e-06    9.890e-06    1.06    1.323e-05      1.41
     29    1.253e-05    9.779e-06    0.78    2.430e-05      1.94
  E28 worst amplification of the carried-in error by any layer's own tensors: 5.80x
  E28 (a divergent layer would show a large ratio at that layer alone; a compensating layer, a ratio far below 1)
  
  E28 --- worst 12 tensors by rel_l2 ---
  tensor                         rel_l2      max_abs      rel_rms
  p0.L11.attn_out             3.406e-05    9.120e-05    1.593e-04
  p0.L11.v_proj               3.406e-05    9.120e-05    1.593e-04
  p0.L10.mlp_act              3.353e-05    3.891e-04    8.935e-04
  p0.L10.down_proj            3.210e-05    2.464e-03    5.816e-04
  p1.L11.attn_out             2.844e-05    8.747e-05    1.703e-04
  p0.L11.o_proj               2.655e-05    7.433e-04    3.528e-04
  p0.logits                   2.580e-05    4.439e-04    5.528e-05
  p0.L11.ln1                  2.463e-05    9.078e-05    4.024e-04
  p4.L11.mlp_act              2.434e-05    1.655e-04    8.786e-04
  p6.L29.o_proj               2.430e-05    3.023e-04    8.334e-05
  p3.logits                   2.399e-05    2.266e-04    4.917e-05
  p0.L10.resid_mlp            2.356e-05    1.297e-03    3.225e-04
  
  E28 logits: n=24 max rel_l2=2.580e-05 max rel_rms=5.990e-05 max abs=4.439e-04
### cell=3 gen_toks=16 prompt=<1234567890 + 9876543210 =>
  LAYERDUMP fp-env=pinned control=x86_64 MXCSR FTZ(bit 15)+DAZ(bit 6)
  LAYERDUMP bytes=103508168
  LAYERDUMP witness-digest 4caad3f9b8cc6c57d802774313b30e9d74449339e1586d65c8e20dda0fd1ab79
  LAYERDUMP argmax-digest 3d55e42e6e855ee7dd01321841d8dc2f7ffd236a46471fa35cc95af2be7ec5d4
  E36 prompt_ids=33,34,35,36,37,38,39,40,41,32,1232,216,41,40,39,38,37,36,35,34,33,32,446
  E36 generated_ids=216,33,32,32,32,32,32,32,32,32,32,32,32,32,32,32
  E36 oracle_feed_len=38
  E36 oracle_argmax_per_step=32,30,36,37,38,39,40,41,33,33,216,33,41,39,38,37,36,35,34,33,32,33,216,33,32,32,32,32,32,32,32,32,32,32,32,32,32,32
  E36 TOKEN CHECK PASS (oracle reproduces every generated id)
  E28 verifier tensors=14934 duplicate-records=14934 duplicates-that-differ=0
  E28 oracle   tensors=14934 duplicate-records=0 duplicates-that-differ=0
  E28 compared tensors=14934
  E28 shape-mismatches=0
  E28 WORST rel_l2 over all 14934 tensors: 1.872e-05 at p23.L2.mlp_act (max_abs=3.934e-05 rel_rms=6.633e-04)
  E28 WORST rel_rms: 6.633e-04 at p23.L2.mlp_act (rel_l2=1.872e-05 max_abs=3.934e-05)
  
  E28 --- by tensor kind (max over all layers and positions) ---
  kind              n   max rel_l2  max rel_rms
  mlp_act        1140    1.872e-05    6.633e-04
  down_proj      1140    1.824e-05    3.839e-04
  o_proj         1140    1.304e-05    1.310e-04
  attn_out       1140    1.083e-05    7.886e-05
  v_proj         1140    9.824e-06    4.874e-05
  resid_mlp      1140    8.415e-06    1.956e-04
  gate_proj      1140    7.606e-06    2.090e-04
  resid_attn     1140    7.175e-06    1.608e-04
  ln1            1140    6.795e-06    1.146e-04
  final_norm       38    6.308e-06    1.089e-04
  up_proj        1140    5.994e-06    6.454e-05
  ln2            1140    5.585e-06    7.610e-05
  logits           38    4.783e-06    9.506e-06
  k_proj         1140    3.722e-06    2.467e-05
  q_proj         1140    3.653e-06    1.897e-05
  embed            38    0.000e+00    0.000e+00
  
  E28 --- by depth (max over all 19 positions) ---
  layer   own tensors    resid_mlp  cancellation
         worst rel_l2       rel_l2    x at worst
      0     2.084e-06    1.758e-06          1.11
      1     1.008e-05    2.888e-06          1.13
      2     1.872e-05    1.516e-06          1.21
      3     7.025e-06    1.464e-06          1.18
      4     5.311e-06    1.625e-06          1.32
      5     4.576e-06    2.238e-06          1.49
      6     5.260e-06    2.226e-06          1.43
      7     1.304e-05    2.232e-06          1.33
      8     4.855e-06    2.451e-06          1.37
      9     4.918e-06    2.716e-06          5.85
     10     7.384e-06    8.415e-06          7.28
     11     9.824e-06    6.888e-06          1.32
     12     7.632e-06    6.302e-06          1.28
     13     8.813e-06    5.901e-06          1.25
     14     8.619e-06    4.837e-06          1.22
     15     8.838e-06    4.514e-06          1.26
     16     6.766e-06    3.681e-06          1.16
     17     8.385e-06    3.535e-06          1.23
     18     6.034e-06    3.738e-06          1.29
     19     5.907e-06    3.244e-06          1.25
     20     6.552e-06    3.564e-06          1.38
     21     5.422e-06    2.815e-06          1.26
     22     5.082e-06    3.001e-06          1.31
     23     8.619e-06    3.136e-06          1.28
     24     6.101e-06    3.094e-06          1.30
     25     6.435e-06    2.984e-06          1.22
     26     7.329e-06    3.165e-06          1.40
     27     6.530e-06    2.895e-06          1.18
     28     5.360e-06    2.622e-06          8.04
     29     5.131e-06    6.615e-06         19.87
  E28 per-layer worst own-tensor rel_l2: min=2.084e-06 max=1.872e-05 spread=8.98x over 30 layers
  E28 layers whose own-tensor error more than tripled over the previous layer: 1 [(1, 4.838239959829294)]
  
  E28 --- does a layer create error, or carry in what it was handed? ---
  layer   carried-in      own ln1   ratio    worst own  /carried
      1    1.758e-06    1.620e-06    0.92    1.008e-05      5.73
      2    2.888e-06    2.929e-06    1.01    1.872e-05      6.48
      3    1.516e-06    2.238e-06    1.48    7.025e-06      4.63
      4    1.464e-06    2.142e-06    1.46    5.311e-06      3.63
      5    1.625e-06    1.903e-06    1.17    4.576e-06      2.82
      6    2.238e-06    2.418e-06    1.08    5.260e-06      2.35
      7    2.226e-06    2.491e-06    1.12    1.304e-05      5.86
      8    2.232e-06    2.388e-06    1.07    4.855e-06      2.18
      9    2.451e-06    2.460e-06    1.00    4.918e-06      2.01
     10    2.716e-06    2.433e-06    0.90    7.384e-06      2.72
     11    8.415e-06    6.795e-06    0.81    9.824e-06      1.17
     12    6.888e-06    4.422e-06    0.64    7.632e-06      1.11
     13    6.302e-06    4.342e-06    0.69    8.813e-06      1.40
     14    5.901e-06    4.355e-06    0.74    8.619e-06      1.46
     15    4.837e-06    4.021e-06    0.83    8.838e-06      1.83
     16    4.514e-06    3.157e-06    0.70    6.766e-06      1.50
     17    3.681e-06    3.046e-06    0.83    8.385e-06      2.28
     18    3.535e-06    2.860e-06    0.81    6.034e-06      1.71
     19    3.738e-06    2.890e-06    0.77    5.907e-06      1.58
     20    3.244e-06    3.113e-06    0.96    6.552e-06      2.02
     21    3.564e-06    3.051e-06    0.86    5.422e-06      1.52
     22    2.815e-06    2.662e-06    0.95    5.082e-06      1.81
     23    3.001e-06    3.175e-06    1.06    8.619e-06      2.87
     24    3.136e-06    2.946e-06    0.94    6.101e-06      1.95
     25    3.094e-06    3.212e-06    1.04    6.435e-06      2.08
     26    2.984e-06    3.353e-06    1.12    7.329e-06      2.46
     27    3.165e-06    3.265e-06    1.03    6.530e-06      2.06
     28    2.895e-06    3.364e-06    1.16    5.360e-06      1.85
     29    2.622e-06    2.883e-06    1.10    5.131e-06      1.96
  E28 worst amplification of the carried-in error by any layer's own tensors: 6.48x
  E28 (a divergent layer would show a large ratio at that layer alone; a compensating layer, a ratio far below 1)
  
  E28 --- worst 12 tensors by rel_l2 ---
  tensor                         rel_l2      max_abs      rel_rms
  p23.L2.mlp_act              1.872e-05    3.934e-05    6.633e-04
  p23.L2.down_proj            1.824e-05    1.762e-04    3.839e-04
  p9.L7.o_proj                1.304e-05    1.281e-05    4.242e-05
  p9.L7.attn_out              1.083e-05    6.974e-06    7.886e-05
  p23.L1.mlp_act              1.008e-05    2.182e-05    3.588e-04
  p11.L11.v_proj              9.824e-06    1.363e-05    4.874e-05
  p11.L15.down_proj           8.838e-06    4.101e-05    3.202e-05
  p11.L13.down_proj           8.813e-06    8.583e-05    6.092e-05
  p11.L15.mlp_act             8.650e-06    1.508e-05    8.044e-05
  p2.L23.o_proj               8.619e-06    2.551e-05    2.749e-05
  p11.L14.mlp_act             8.619e-06    1.121e-05    6.105e-05
  p11.L13.mlp_act             8.418e-06    1.669e-05    8.572e-05
  
  E28 logits: n=38 max rel_l2=4.783e-06 max rel_rms=9.506e-06 max abs=1.497e-04
### cell=4 gen_toks=16 prompt=<def f(x): return x * 2>
  LAYERDUMP fp-env=pinned control=x86_64 MXCSR FTZ(bit 15)+DAZ(bit 6)
  LAYERDUMP bytes=68094790
  LAYERDUMP witness-digest 7675e3537c1a62f8136e67b74615a16a8eb9c03ce46c32d6967e09ef5e9b1c71
  LAYERDUMP argmax-digest 0bb484df1a91054113be9fc0557a3228544949128e95fe88294cec809894a193
  E36 prompt_ids=1604,275,24,104,727,1003,1792,1672,216,34
  E36 generated_ids=198,198,1604,275,24,104,727,1003,1792,1672,216,35,198,198,1604,275
  E36 oracle_feed_len=25
  E36 oracle_argmax_per_step=2483,24,104,25,472,1792,828,1792,34,198,198,1604,275,24,104,727,1003,1792,1672,216,35,198,198,1604,275
  E36 TOKEN CHECK PASS (oracle reproduces every generated id)
  E28 verifier tensors=9825 duplicate-records=9825 duplicates-that-differ=0
  E28 oracle   tensors=9825 duplicate-records=0 duplicates-that-differ=0
  E28 compared tensors=9825
  E28 shape-mismatches=0
  E28 WORST rel_l2 over all 9825 tensors: 1.950e-05 at p8.L12.o_proj (max_abs=2.174e-04 rel_rms=2.124e-04)
  E28 WORST rel_rms: 3.881e-04 at p0.L10.mlp_act (rel_l2=1.230e-05 max_abs=2.060e-04)
  
  E28 --- by tensor kind (max over all layers and positions) ---
  kind              n   max rel_l2  max rel_rms
  o_proj          750    1.950e-05    2.124e-04
  attn_out        750    1.917e-05    1.248e-04
  resid_mlp       750    1.534e-05    2.705e-04
  down_proj       750    1.486e-05    1.145e-04
  mlp_act         750    1.477e-05    3.881e-04
  final_norm       25    1.471e-05    1.559e-04
  v_proj          750    1.464e-05    6.342e-05
  up_proj         750    1.080e-05    5.862e-05
  resid_attn      750    1.014e-05    2.262e-04
  ln2             750    9.455e-06    1.386e-04
  gate_proj       750    9.137e-06    1.018e-04
  ln1             750    8.887e-06    1.398e-04
  logits           25    8.678e-06    2.714e-05
  q_proj          750    7.782e-06    3.328e-05
  k_proj          750    7.358e-06    3.646e-05
  embed            25    0.000e+00    0.000e+00
  
  E28 --- by depth (max over all 19 positions) ---
  layer   own tensors    resid_mlp  cancellation
         worst rel_l2       rel_l2    x at worst
      0     1.776e-06    1.451e-06          1.12
      1     3.031e-06    2.266e-06          1.17
      2     3.117e-06    1.109e-06          1.19
      3     3.576e-06    1.186e-06          1.23
      4     3.537e-06    1.531e-06          1.28
      5     7.209e-06    1.498e-06          1.30
      6     4.654e-06    1.542e-06          1.24
      7     5.030e-06    1.541e-06          1.38
      8     5.301e-06    1.522e-06          1.41
      9     4.860e-06    7.511e-06          7.98
     10     1.230e-05    1.169e-05          6.70
     11     1.482e-05    9.295e-06          1.35
     12     1.950e-05    8.550e-06          1.31
     13     1.419e-05    7.813e-06          1.31
     14     1.366e-05    6.695e-06          1.30
     15     1.115e-05    6.482e-06          1.26
     16     1.005e-05    5.495e-06          1.28
     17     1.077e-05    6.041e-06          1.26
     18     9.519e-06    5.393e-06          1.29
     19     8.833e-06    5.061e-06          1.24
     20     8.480e-06    5.239e-06          1.41
     21     8.457e-06    4.607e-06          1.21
     22     7.376e-06    4.775e-06          1.28
     23     8.459e-06    4.382e-06          1.27
     24     6.431e-06    4.174e-06          1.27
     25     7.818e-06    4.107e-06          1.21
     26     6.314e-06    4.177e-06          1.24
     27     7.910e-06    3.339e-06          1.24
     28     5.846e-06    3.021e-06         10.07
     29     5.585e-06    1.534e-05         19.00
  E28 per-layer worst own-tensor rel_l2: min=1.776e-06 max=1.950e-05 spread=10.98x over 30 layers
  E28 layers whose own-tensor error more than tripled over the previous layer: 0 []
  
  E28 --- does a layer create error, or carry in what it was handed? ---
  layer   carried-in      own ln1   ratio    worst own  /carried
      1    1.451e-06    1.338e-06    0.92    3.031e-06      2.09
      2    2.266e-06    1.331e-06    0.59    3.117e-06      1.38
      3    1.109e-06    1.298e-06    1.17    3.576e-06      3.22
      4    1.186e-06    1.430e-06    1.21    3.537e-06      2.98
      5    1.531e-06    1.540e-06    1.01    7.209e-06      4.71
      6    1.498e-06    1.651e-06    1.10    4.654e-06      3.11
      7    1.542e-06    1.798e-06    1.17    5.030e-06      3.26
      8    1.541e-06    1.676e-06    1.09    5.301e-06      3.44
      9    1.522e-06    1.493e-06    0.98    4.860e-06      3.19
     10    7.511e-06    5.909e-06    0.79    1.230e-05      1.64
     11    1.169e-05    8.887e-06    0.76    1.482e-05      1.27
     12    9.295e-06    4.887e-06    0.53    1.950e-05      2.10
     13    8.550e-06    5.565e-06    0.65    1.419e-05      1.66
     14    7.813e-06    6.111e-06    0.78    1.366e-05      1.75
     15    6.695e-06    5.331e-06    0.80    1.115e-05      1.67
     16    6.482e-06    4.139e-06    0.64    1.005e-05      1.55
     17    5.495e-06    3.886e-06    0.71    1.077e-05      1.96
     18    6.041e-06    4.115e-06    0.68    9.519e-06      1.58
     19    5.393e-06    3.256e-06    0.60    8.833e-06      1.64
     20    5.061e-06    3.908e-06    0.77    8.480e-06      1.68
     21    5.239e-06    3.756e-06    0.72    8.457e-06      1.61
     22    4.607e-06    3.829e-06    0.83    7.376e-06      1.60
     23    4.775e-06    4.604e-06    0.96    8.459e-06      1.77
     24    4.382e-06    4.142e-06    0.95    6.431e-06      1.47
     25    4.174e-06    3.970e-06    0.95    7.818e-06      1.87
     26    4.107e-06    4.289e-06    1.04    6.314e-06      1.54
     27    4.177e-06    3.904e-06    0.93    7.910e-06      1.89
     28    3.339e-06    3.851e-06    1.15    5.846e-06      1.75
     29    3.021e-06    3.295e-06    1.09    5.585e-06      1.85
  E28 worst amplification of the carried-in error by any layer's own tensors: 4.71x
  E28 (a divergent layer would show a large ratio at that layer alone; a compensating layer, a ratio far below 1)
  
  E28 --- worst 12 tensors by rel_l2 ---
  tensor                         rel_l2      max_abs      rel_rms
  p8.L12.o_proj               1.950e-05    2.174e-04    2.124e-04
  p8.L12.attn_out             1.917e-05    3.505e-05    1.171e-04
  p0.L29.resid_mlp            1.534e-05    2.930e-03    1.997e-04
  p8.L12.down_proj            1.486e-05    1.054e-04    5.622e-05
  p8.L11.down_proj            1.482e-05    2.389e-04    1.089e-04
  p8.L12.mlp_act              1.477e-05    3.648e-05    1.553e-04
  p0.final_norm               1.471e-05    3.114e-04    1.559e-04
  p8.L11.v_proj               1.464e-05    1.960e-05    6.342e-05
  p8.L13.down_proj            1.419e-05    1.092e-04    6.416e-05
  p8.L11.mlp_act              1.395e-05    9.727e-05    3.692e-04
  p0.L11.attn_out             1.391e-05    3.880e-05    6.007e-05
  p0.L11.v_proj               1.391e-05    3.880e-05    6.007e-05
  
  E28 logits: n=25 max rel_l2=8.678e-06 max rel_rms=2.714e-05 max abs=2.451e-04
### cell=5 gen_toks=64 prompt=<Once upon a time>
  LAYERDUMP fp-env=pinned control=x86_64 MXCSR FTZ(bit 15)+DAZ(bit 6)
  LAYERDUMP bytes=182507242
  LAYERDUMP witness-digest fa75e57e9d9173e9ab84ca12e300ce923fdfbb9eb4d97730b91941e2da4a55ae
  LAYERDUMP argmax-digest 8b59866ec22a32fae0b55a6a864fa081cc5692e962f9b21e4490253520ba881e
  E36 prompt_ids=6403,1980,253,655
  E36 generated_ids=28,665,436,253,1838,8180,3365,14176,30,2306,4161,281,253,2066,2291,351,874,1564,28,564,1041,3683,982,457,800,9173,288,1238,351,30,1963,1194,28,874,2910,3783,874,338,1041,856,685,288,253,1767,1379,1217,253,476,11980,18,288,835,725,1495,284,1438,253,3743,30,14176,436,8916,288,685
  E36 oracle_feed_len=67
  E36 oracle_argmax_per_step=346,253,655,28,665,436,253,1838,8180,3365,14176,30,2306,4161,281,253,2066,2291,351,874,1564,28,564,1041,3683,982,457,800,9173,288,1238,351,30,1963,1194,28,874,2910,3783,874,338,1041,856,685,288,253,1767,1379,1217,253,476,11980,18,288,835,725,1495,284,1438,253,3743,30,14176,436,8916,288,685
  E36 TOKEN CHECK PASS (oracle reproduces every generated id)
  E28 verifier tensors=26331 duplicate-records=26331 duplicates-that-differ=0
  E28 oracle   tensors=26331 duplicate-records=0 duplicates-that-differ=0
  E28 compared tensors=26331
  E28 shape-mismatches=0
  E28 WORST rel_l2 over all 26331 tensors: 2.228e-05 at p0.L10.down_proj (max_abs=1.450e-03 rel_rms=3.870e-04)
  E28 WORST rel_rms: 4.094e-04 at p0.L9.resid_mlp (rel_l2=1.719e-05 max_abs=1.801e-03)
  
  E28 --- by tensor kind (max over all layers and positions) ---
  kind              n   max rel_l2  max rel_rms
  down_proj      2010    2.228e-05    3.870e-04
  logits           67    1.756e-05    4.182e-05
  resid_mlp      2010    1.719e-05    4.094e-04
  mlp_act        2010    1.680e-05    3.049e-04
  attn_out       2010    1.625e-05    1.105e-04
  v_proj         2010    1.625e-05    6.264e-05
  resid_attn     2010    1.562e-05    3.642e-04
  o_proj         2010    1.461e-05    1.658e-04
  ln2            2010    1.257e-05    1.790e-04
  ln1            2010    1.252e-05    1.972e-04
  final_norm       67    1.072e-05    9.213e-05
  up_proj        2010    1.055e-05    1.067e-04
  q_proj         2010    9.723e-06    3.264e-05
  k_proj         2010    9.636e-06    6.535e-05
  gate_proj      2010    8.835e-06    7.208e-05
  embed            67    0.000e+00    0.000e+00
  
  E28 --- by depth (max over all 19 positions) ---
  layer   own tensors    resid_mlp  cancellation
         worst rel_l2       rel_l2    x at worst
      0     2.673e-06    1.945e-06          1.12
      1     4.344e-06    1.410e-06          1.23
      2     4.831e-06    1.461e-06          1.28
      3     4.557e-06    1.603e-06          1.27
      4     6.462e-06    1.925e-06          1.30
      5     5.710e-06    1.995e-06          1.27
      6     4.321e-06    2.098e-06          1.26
      7     8.544e-06    2.082e-06          1.31
      8     5.735e-06    1.956e-06          1.49
      9     5.182e-06    1.719e-05          8.53
     10     2.228e-05    1.131e-05          6.10
     11     1.625e-05    4.727e-06          1.35
     12     1.227e-05    5.329e-06          1.30
     13     1.355e-05    5.342e-06          1.25
     14     1.229e-05    5.002e-06          1.19
     15     1.150e-05    4.823e-06          1.20
     16     1.073e-05    4.905e-06          1.17
     17     1.008e-05    5.037e-06          1.23
     18     9.379e-06    5.181e-06          1.30
     19     9.485e-06    5.458e-06          1.29
     20     9.735e-06    5.643e-06          1.31
     21     9.129e-06    5.400e-06          1.26
     22     9.558e-06    5.544e-06          1.37
     23     8.095e-06    5.476e-06          1.25
     24     9.374e-06    5.226e-06          1.23
     25     9.340e-06    5.227e-06          1.25
     26     1.082e-05    5.404e-06          1.31
     27     1.091e-05    5.102e-06          1.34
     28     1.503e-05    4.673e-06          7.98
     29     1.018e-05    1.130e-05         20.60
  E28 per-layer worst own-tensor rel_l2: min=2.673e-06 max=2.228e-05 spread=8.33x over 30 layers
  E28 layers whose own-tensor error more than tripled over the previous layer: 1 [(10, 4.299069714433351)]
  
  E28 --- does a layer create error, or carry in what it was handed? ---
  layer   carried-in      own ln1   ratio    worst own  /carried
      1    1.945e-06    1.387e-06    0.71    4.344e-06      2.23
      2    1.410e-06    1.551e-06    1.10    4.831e-06      3.43
      3    1.461e-06    1.637e-06    1.12    4.557e-06      3.12
      4    1.603e-06    1.894e-06    1.18    6.462e-06      4.03
      5    1.925e-06    1.969e-06    1.02    5.710e-06      2.97
      6    1.995e-06    2.181e-06    1.09    4.321e-06      2.17
      7    2.098e-06    2.236e-06    1.07    8.544e-06      4.07
      8    2.082e-06    2.097e-06    1.01    5.735e-06      2.75
      9    1.956e-06    1.855e-06    0.95    5.182e-06      2.65
     10    1.719e-05    1.252e-05    0.73    2.228e-05      1.30
     11    1.131e-05    9.514e-06    0.84    1.625e-05      1.44
     12    4.727e-06    4.810e-06    1.02    1.227e-05      2.60
     13    5.329e-06    5.114e-06    0.96    1.355e-05      2.54
     14    5.342e-06    6.062e-06    1.13    1.229e-05      2.30
     15    5.002e-06    5.681e-06    1.14    1.150e-05      2.30
     16    4.823e-06    4.875e-06    1.01    1.073e-05      2.22
     17    4.905e-06    5.335e-06    1.09    1.008e-05      2.06
     18    5.037e-06    5.483e-06    1.09    9.379e-06      1.86
     19    5.181e-06    5.160e-06    1.00    9.485e-06      1.83
     20    5.458e-06    6.007e-06    1.10    9.735e-06      1.78
     21    5.643e-06    6.202e-06    1.10    9.129e-06      1.62
     22    5.400e-06    5.975e-06    1.11    9.558e-06      1.77
     23    5.544e-06    6.026e-06    1.09    8.095e-06      1.46
     24    5.476e-06    5.436e-06    0.99    9.374e-06      1.71
     25    5.226e-06    5.536e-06    1.06    9.340e-06      1.79
     26    5.227e-06    5.914e-06    1.13    1.082e-05      2.07
     27    5.404e-06    5.615e-06    1.04    1.091e-05      2.02
     28    5.102e-06    5.984e-06    1.17    1.503e-05      2.95
     29    4.673e-06    5.241e-06    1.12    1.018e-05      2.18
  E28 worst amplification of the carried-in error by any layer's own tensors: 4.07x
  E28 (a divergent layer would show a large ratio at that layer alone; a compensating layer, a ratio far below 1)
  
  E28 --- worst 12 tensors by rel_l2 ---
  tensor                         rel_l2      max_abs      rel_rms
  p0.L10.down_proj            2.228e-05    1.450e-03    3.870e-04
  p3.logits                   1.756e-05    1.574e-04    4.182e-05
  p0.L9.resid_mlp             1.719e-05    1.801e-03    4.094e-04
  p0.L10.mlp_act              1.680e-05    1.460e-04    3.049e-04
  p0.L11.attn_out             1.625e-05    3.937e-05    6.264e-05
  p0.L11.v_proj               1.625e-05    3.937e-05    6.264e-05
  p0.L10.resid_attn           1.562e-05    1.678e-03    3.642e-04
  p3.L28.attn_out             1.503e-05    4.256e-05    1.070e-04
  p0.L11.o_proj               1.461e-05    3.405e-04    1.658e-04
  p1.L10.o_proj               1.455e-05    7.010e-05    5.182e-05
  p1.L13.mlp_act              1.355e-05    2.915e-05    1.411e-04
  p1.L11.attn_out             1.270e-05    3.785e-05    6.091e-05
  
  E28 logits: n=67 max rel_l2=1.756e-05 max rel_rms=4.182e-05 max abs=3.595e-04
### cell=6 gen_toks=32 prompt=<A>
  LAYERDUMP fp-env=pinned control=x86_64 MXCSR FTZ(bit 15)+DAZ(bit 6)
  LAYERDUMP bytes=87163532
  LAYERDUMP witness-digest 84e4b87c94f2c58eb77b934bc8bbb7a21741a292e07aa32562f6f5ef0c9e83ac
  LAYERDUMP argmax-digest a28275bbea2af58158e70f9e2c91ff1f67b6a04a5c75e4807a2ee9c0fef916a7
  E36 prompt_ids=49
  E36 generated_ids=30,198,198,504,808,2775,288,536,314,288,820,253,1123,3163,506,2801,30,1094,346,2316,441,2967,2001,2801,28,346,3060,325,540,2003,288,457
  E36 oracle_feed_len=32
  E36 oracle_argmax_per_step=30,198,198,504,808,2775,288,536,314,288,820,253,1123,3163,506,2801,30,1094,346,2316,441,2967,2001,2801,28,346,3060,325,540,2003,288,457
  E36 TOKEN CHECK PASS (oracle reproduces every generated id)
  E28 verifier tensors=12576 duplicate-records=12576 duplicates-that-differ=0
  E28 oracle   tensors=12576 duplicate-records=0 duplicates-that-differ=0
  E28 compared tensors=12576
  E28 shape-mismatches=0
  E28 WORST rel_l2 over all 12576 tensors: 1.317e-05 at p1.L13.mlp_act (max_abs=2.170e-05 rel_rms=1.199e-04)
  E28 WORST rel_rms: 1.634e-04 at p1.L26.mlp_act (rel_l2=1.267e-05 max_abs=6.104e-05)
  
  E28 --- by tensor kind (max over all layers and positions) ---
  kind              n   max rel_l2  max rel_rms
  mlp_act         960    1.317e-05    1.634e-04
  attn_out        960    1.280e-05    1.056e-04
  down_proj       960    1.232e-05    1.018e-04
  o_proj          960    1.206e-05    1.235e-04
  resid_mlp       960    1.153e-05    1.350e-04
  v_proj          960    1.074e-05    4.006e-05
  logits           32    9.945e-06    2.548e-05
  final_norm       32    9.882e-06    1.256e-04
  up_proj         960    8.978e-06    9.915e-05
  gate_proj       960    8.729e-06    1.147e-04
  ln2             960    8.165e-06    6.338e-05
  k_proj          960    6.047e-06    4.479e-05
  ln1             960    5.948e-06    1.035e-04
  q_proj          960    5.927e-06    2.663e-05
  resid_attn      960    5.708e-06    7.759e-05
  embed            32    0.000e+00    0.000e+00
  
  E28 --- by depth (max over all 19 positions) ---
  layer   own tensors    resid_mlp  cancellation
         worst rel_l2       rel_l2    x at worst
      0     2.068e-06    1.863e-06          1.13
      1     3.748e-06    1.502e-06          1.33
      2     4.593e-06    1.632e-06          1.27
      3     4.902e-06    1.765e-06          1.25
      4     4.683e-06    1.949e-06          1.24
      5     4.465e-06    1.912e-06          1.29
      6     6.173e-06    1.857e-06          1.22
      7     6.183e-06    1.726e-06          1.31
      8     3.765e-06    1.773e-06          1.35
      9     3.945e-06    3.439e-06          6.26
     10     5.311e-06    4.910e-06          6.44
     11     9.843e-06    4.769e-06          1.29
     12     1.280e-05    5.352e-06          1.22
     13     1.317e-05    4.875e-06          1.18
     14     1.009e-05    4.847e-06          1.17
     15     1.188e-05    4.872e-06          1.16
     16     1.091e-05    4.762e-06          1.17
     17     9.091e-06    5.013e-06          1.24
     18     1.091e-05    4.927e-06          1.20
     19     9.784e-06    5.251e-06          1.23
     20     8.730e-06    5.196e-06          1.24
     21     9.069e-06    5.097e-06          1.21
     22     9.513e-06    5.450e-06          1.25
     23     1.065e-05    5.435e-06          1.20
     24     9.160e-06    4.849e-06          1.30
     25     1.075e-05    4.502e-06          1.20
     26     1.267e-05    4.734e-06          1.22
     27     1.074e-05    4.443e-06          1.25
     28     9.426e-06    4.178e-06          9.33
     29     1.033e-05    1.153e-05         19.07
  E28 per-layer worst own-tensor rel_l2: min=2.068e-06 max=1.317e-05 spread=6.37x over 30 layers
  E28 layers whose own-tensor error more than tripled over the previous layer: 0 []
  
  E28 --- does a layer create error, or carry in what it was handed? ---
  layer   carried-in      own ln1   ratio    worst own  /carried
      1    1.863e-06    1.449e-06    0.78    3.748e-06      2.01
      2    1.502e-06    1.415e-06    0.94    4.593e-06      3.06
      3    1.632e-06    1.918e-06    1.18    4.902e-06      3.00
      4    1.765e-06    2.099e-06    1.19    4.683e-06      2.65
      5    1.949e-06    2.180e-06    1.12    4.465e-06      2.29
      6    1.912e-06    2.153e-06    1.13    6.173e-06      3.23
      7    1.857e-06    2.201e-06    1.19    6.183e-06      3.33
      8    1.726e-06    1.812e-06    1.05    3.765e-06      2.18
      9    1.773e-06    1.536e-06    0.87    3.945e-06      2.23
     10    3.439e-06    2.401e-06    0.70    5.311e-06      1.54
     11    4.910e-06    4.147e-06    0.84    9.843e-06      2.00
     12    4.769e-06    5.700e-06    1.20    1.280e-05      2.68
     13    5.352e-06    5.690e-06    1.06    1.317e-05      2.46
     14    4.875e-06    5.867e-06    1.20    1.009e-05      2.07
     15    4.847e-06    5.694e-06    1.17    1.188e-05      2.45
     16    4.872e-06    5.034e-06    1.03    1.091e-05      2.24
     17    4.762e-06    5.136e-06    1.08    9.091e-06      1.91
     18    5.013e-06    5.754e-06    1.15    1.091e-05      2.18
     19    4.927e-06    4.256e-06    0.86    9.784e-06      1.99
     20    5.251e-06    5.621e-06    1.07    8.730e-06      1.66
     21    5.196e-06    5.107e-06    0.98    9.069e-06      1.75
     22    5.097e-06    5.041e-06    0.99    9.513e-06      1.87
     23    5.450e-06    5.948e-06    1.09    1.065e-05      1.95
     24    5.435e-06    5.396e-06    0.99    9.160e-06      1.69
     25    4.849e-06    5.422e-06    1.12    1.075e-05      2.22
     26    4.502e-06    5.468e-06    1.21    1.267e-05      2.81
     27    4.734e-06    5.150e-06    1.09    1.074e-05      2.27
     28    4.443e-06    5.590e-06    1.26    9.426e-06      2.12
     29    4.178e-06    4.807e-06    1.15    1.033e-05      2.47
  E28 worst amplification of the carried-in error by any layer's own tensors: 3.33x
  E28 (a divergent layer would show a large ratio at that layer alone; a compensating layer, a ratio far below 1)
  
  E28 --- worst 12 tensors by rel_l2 ---
  tensor                         rel_l2      max_abs      rel_rms
  p1.L13.mlp_act              1.317e-05    2.170e-05    1.199e-04
  p1.L12.attn_out             1.280e-05    1.550e-05    8.189e-05
  p1.L26.mlp_act              1.267e-05    6.104e-05    1.634e-04
  p1.L26.down_proj            1.232e-05    1.264e-04    4.328e-05
  p1.L13.o_proj               1.206e-05    4.625e-05    5.475e-05
  p1.L15.mlp_act              1.188e-05    1.907e-05    9.644e-05
  p1.L13.attn_out             1.170e-05    2.193e-05    1.056e-04
  p1.L13.down_proj            1.163e-05    1.659e-04    1.018e-04
  p1.L15.down_proj            1.157e-05    5.745e-05    3.888e-05
  p0.L29.resid_mlp            1.153e-05    2.197e-03    1.350e-04
  p1.L12.o_proj               1.151e-05    8.297e-05    1.235e-04
  p1.L16.mlp_act              1.091e-05    1.931e-05    9.129e-05
  
  E28 logits: n=32 max rel_l2=9.945e-06 max rel_rms=2.548e-05 max abs=4.559e-04
