### cell=1 gen_toks=16 prompt=<Once upon a time>
  E37 mem_avail_mb=1755
  LAYERDUMP fp-env=pinned control=x86_64 MXCSR FTZ(bit 15)+DAZ(bit 6)
  LAYERDUMP tokenization=SUPPLIED prompt_token_ids=[12522, 5193, 264, 882] (spec 3.1.3/3.1.4 refuse this tokenizer.json; spec 4-11 only, NOT a conformance run)
  LAYERDUMP bytes=103942814
  LAYERDUMP witness-digest c9dff099d927a6dda91514c260c7207de7aca4b361291e57fae390a352392e62
  LAYERDUMP argmax-digest 9619177f959f63d175d9442e73a6063f31654b08ba4e38717e88bd2e39b0aff5
  E37 supplied_ids=12522,5193,264,882
  E37 prompt_ids=12522,5193,264,882
  E37 generated_ids=11,1052,572,264,2632,3743,6941,47290,13,2932,10245,311,1486,448,1059,23069
  E37 oracle_feed_len=19
  E37 SUPPLIED-ID CHECK PASS
  E37 oracle_argmax_per_step=5193,264,882,11,1052,572,264,2632,3743,6941,47290,13,2932,10245,311,1486,448,1059,23069
  E37 TOKEN CHECK PASS (oracle reproduces every generated id)
  E28 verifier tensors=5985 duplicate-records=5985 duplicates-that-differ=0
  E28 oracle   tensors=5985 duplicate-records=0 duplicates-that-differ=0
  E28 compared tensors=5985
  E28 shape-mismatches=0
  E28 WORST rel_l2 over all 5985 tensors: 9.923e-05 at p0.L22.o_proj (max_abs=2.794e-04 rel_rms=1.639e-03)
  E28 WORST rel_rms: 2.705e-03 at p0.L21.resid_mlp (rel_l2=9.081e-05 max_abs=4.883e-03)
  
  E28 --- by tensor kind (max over all layers and positions) ---
  kind              n   max rel_l2  max rel_rms
  o_proj          456    9.923e-05    1.639e-03
  down_proj       456    9.726e-05    2.359e-03
  resid_mlp       456    9.081e-05    2.705e-03
  resid_attn      456    8.956e-05    2.654e-03
  mlp_act         456    8.475e-05    1.439e-03
  attn_out        456    7.763e-05    2.547e-04
  v_proj          456    7.763e-05    2.205e-04
  ln1             456    6.733e-05    8.754e-04
  ln2             456    6.488e-05    8.831e-04
  gate_proj       456    5.436e-05    3.252e-04
  logits           19    5.320e-05    2.496e-04
  q_proj          456    5.062e-05    1.579e-04
  up_proj         456    4.582e-05    2.717e-04
  k_proj          456    3.607e-05    1.236e-04
  final_norm       19    3.274e-05    1.956e-04
  embed            19    0.000e+00    0.000e+00
  
  E28 --- by depth (max over all 19 positions) ---
  layer   own tensors    resid_mlp  cancellation
         worst rel_l2       rel_l2    x at worst
      0     1.511e-05    6.272e-06          1.16
      1     9.675e-06    5.563e-06          1.43
      2     9.156e-06    5.643e-06          1.50
      3     1.037e-05    5.539e-06          1.59
      4     9.701e-06    5.191e-06          1.48
      5     1.099e-05    5.384e-06          1.54
      6     8.913e-06    5.400e-06          1.51
      7     1.741e-05    5.253e-06          1.54
      8     9.340e-06    5.194e-06          1.50
      9     9.946e-06    5.296e-06          1.38
     10     9.737e-06    5.803e-06          1.29
     11     1.075e-05    5.700e-06          1.38
     12     1.059e-05    5.277e-06          1.29
     13     9.612e-06    5.239e-06          1.30
     14     9.209e-06    4.658e-06          1.26
     15     6.894e-06    4.136e-06          1.32
     16     1.254e-05    3.965e-06          1.31
     17     9.636e-06    4.033e-06          1.32
     18     9.724e-06    4.043e-06          1.27
     19     9.752e-06    4.110e-06          1.27
     20     6.974e-06    3.469e-06          1.21
     21     5.327e-06    9.081e-05         63.66
     22     9.923e-05    5.568e-05          1.87
     23     6.333e-05    5.303e-05          2.63
  E28 per-layer worst own-tensor rel_l2: min=5.327e-06 max=9.923e-05 spread=18.63x over 24 layers
  E28 layers whose own-tensor error more than tripled over the previous layer: 1 [(22, 18.629239340921348)]
  
  E28 --- does a layer create error, or carry in what it was handed? ---
  layer   carried-in      own ln1   ratio    worst own  /carried
      1    6.272e-06    9.210e-06    1.47    9.675e-06      1.54
      2    5.563e-06    6.058e-06    1.09    9.156e-06      1.65
      3    5.643e-06    5.231e-06    0.93    1.037e-05      1.84
      4    5.539e-06    5.660e-06    1.02    9.701e-06      1.75
      5    5.191e-06    5.960e-06    1.15    1.099e-05      2.12
      6    5.384e-06    5.784e-06    1.07    8.913e-06      1.66
      7    5.400e-06    5.047e-06    0.93    1.741e-05      3.22
      8    5.253e-06    5.514e-06    1.05    9.340e-06      1.78
      9    5.194e-06    4.728e-06    0.91    9.946e-06      1.91
     10    5.296e-06    6.830e-06    1.29    9.737e-06      1.84
     11    5.803e-06    5.541e-06    0.95    1.075e-05      1.85
     12    5.700e-06    7.526e-06    1.32    1.059e-05      1.86
     13    5.277e-06    6.452e-06    1.22    9.612e-06      1.82
     14    5.239e-06    6.568e-06    1.25    9.209e-06      1.76
     15    4.658e-06    5.310e-06    1.14    6.894e-06      1.48
     16    4.136e-06    4.141e-06    1.00    1.254e-05      3.03
     17    3.965e-06    4.050e-06    1.02    9.636e-06      2.43
     18    4.033e-06    4.048e-06    1.00    9.724e-06      2.41
     19    4.043e-06    4.317e-06    1.07    9.752e-06      2.41
     20    4.110e-06    4.647e-06    1.13    6.974e-06      1.70
     21    3.469e-06    4.683e-06    1.35    5.327e-06      1.54
     22    9.081e-05    6.733e-05    0.74    9.923e-05      1.09
     23    5.568e-05    4.089e-05    0.73    6.333e-05      1.14
  E28 worst amplification of the carried-in error by any layer's own tensors: 3.22x
  E28 (a divergent layer would show a large ratio at that layer alone; a compensating layer, a ratio far below 1)
  
  E28 --- worst 12 tensors by rel_l2 ---
  tensor                         rel_l2      max_abs      rel_rms
  p0.L22.o_proj               9.923e-05    2.794e-04    1.639e-03
  p0.L22.down_proj            9.726e-05    3.370e-03    2.359e-03
  p0.L21.resid_mlp            9.081e-05    4.883e-03    2.705e-03
  p0.L22.resid_attn           8.956e-05    4.784e-03    2.654e-03
  p0.L22.mlp_act              8.475e-05    9.928e-04    1.189e-03
  p0.L22.attn_out             7.763e-05    2.134e-04    2.205e-04
  p0.L22.v_proj               7.763e-05    2.134e-04    2.205e-04
  p1.L22.o_proj               7.251e-05    2.106e-04    9.897e-04
  p0.L23.resid_attn           6.741e-05    1.424e-03    9.725e-04
  p0.L22.ln1                  6.733e-05    1.471e-03    8.754e-04
  p0.L22.ln2                  6.488e-05    1.169e-03    8.410e-04
  p0.L23.mlp_act              6.333e-05    2.653e-03    1.439e-03
  
  E28 logits: n=19 max rel_l2=5.320e-05 max rel_rms=2.496e-04 max abs=7.400e-04
### cell=2 gen_toks=16 prompt=<The quick brown fox jumps over the lazy dog>
  E37 mem_avail_mb=2064
  LAYERDUMP fp-env=pinned control=x86_64 MXCSR FTZ(bit 15)+DAZ(bit 6)
  LAYERDUMP tokenization=SUPPLIED prompt_token_ids=[785, 3974, 13876, 38835, 34208, 916, 279, 15678, 5562] (spec 3.1.3/3.1.4 refuse this tokenizer.json; spec 4-11 only, NOT a conformance run)
  LAYERDUMP bytes=131297844
  LAYERDUMP witness-digest b85e5f4955c2b6af82e9cfd08a3774a329629c1099ed155d8dcca34e5b57afd2
  LAYERDUMP argmax-digest 4555b3dd6e87c3d0becb5bca7a090a2ebf38d2cfe8ddd6aa311abe6c6678ac87
  E37 supplied_ids=785,3974,13876,38835,34208,916,279,15678,5562
  E37 prompt_ids=785,3974,13876,38835,34208,916,279,15678,5562
  E37 generated_ids=198,750,374,12008,5745,17008,16,11,3409,17,982,262,470,10615,17008,16
  E37 oracle_feed_len=24
  E37 SUPPLIED-ID CHECK PASS
  E37 oracle_argmax_per_step=2701,3378,38835,34208,916,279,15678,5562,198,750,374,12008,5745,17008,16,11,3409,17,982,262,470,10615,17008,16
  E37 TOKEN CHECK PASS (oracle reproduces every generated id)
  E28 verifier tensors=7560 duplicate-records=7560 duplicates-that-differ=0
  E28 oracle   tensors=7560 duplicate-records=0 duplicates-that-differ=0
  E28 compared tensors=7560
  E28 shape-mismatches=0
  E28 WORST rel_l2 over all 7560 tensors: 7.362e-05 at p0.L22.attn_out (max_abs=5.150e-05 rel_rms=1.940e-04)
  E28 WORST rel_rms: 2.883e-03 at p0.L22.mlp_act (rel_l2=5.969e-05 max_abs=3.441e-03)
  
  E28 --- by tensor kind (max over all layers and positions) ---
  kind              n   max rel_l2  max rel_rms
  attn_out        576    7.362e-05    2.301e-04
  v_proj          576    7.362e-05    2.101e-04
  resid_attn      576    6.961e-05    2.067e-03
  resid_mlp       576    6.795e-05    2.019e-03
  down_proj       576    6.288e-05    1.286e-03
  mlp_act         576    5.969e-05    2.883e-03
  o_proj          576    5.876e-05    1.411e-03
  ln2             576    5.210e-05    8.938e-04
  gate_proj       576    5.145e-05    2.270e-04
  ln1             576    4.982e-05    8.069e-04
  up_proj         576    3.571e-05    2.390e-04
  q_proj          576    3.243e-05    1.143e-04
  k_proj          576    2.789e-05    1.301e-04
  logits           24    1.787e-05    9.917e-05
  final_norm       24    1.394e-05    1.131e-04
  embed            24    0.000e+00    0.000e+00
  
  E28 --- by depth (max over all 19 positions) ---
  layer   own tensors    resid_mlp  cancellation
         worst rel_l2       rel_l2    x at worst
      0     1.409e-05    6.084e-06          1.18
      1     8.512e-06    5.108e-06          1.38
      2     1.093e-05    5.704e-06          1.50
      3     1.285e-05    6.962e-06          1.64
      4     1.275e-05    7.505e-06          1.56
      5     1.424e-05    7.385e-06          1.54
      6     1.253e-05    7.048e-06          1.54
      7     2.003e-05    6.902e-06          1.50
      8     1.165e-05    6.997e-06          1.46
      9     1.151e-05    6.363e-06          1.49
     10     1.181e-05    6.776e-06          1.36
     11     1.240e-05    7.692e-06          1.43
     12     1.221e-05    6.483e-06          1.41
     13     1.078e-05    7.313e-06          1.50
     14     1.239e-05    6.894e-06          1.35
     15     1.059e-05    6.894e-06          1.43
     16     1.181e-05    6.614e-06          1.36
     17     9.910e-06    5.997e-06          1.36
     18     1.146e-05    5.683e-06          1.38
     19     9.315e-06    6.674e-06          1.43
     20     9.793e-06    6.539e-06          1.31
     21     9.955e-06    6.795e-05         46.91
     22     7.362e-05    4.663e-05          1.74
     23     6.107e-05    2.340e-05          2.72
  E28 per-layer worst own-tensor rel_l2: min=8.512e-06 max=7.362e-05 spread=8.65x over 24 layers
  E28 layers whose own-tensor error more than tripled over the previous layer: 1 [(22, 7.395046439161449)]
  
  E28 --- does a layer create error, or carry in what it was handed? ---
  layer   carried-in      own ln1   ratio    worst own  /carried
      1    6.084e-06    8.512e-06    1.40    8.512e-06      1.40
      2    5.108e-06    5.462e-06    1.07    1.093e-05      2.14
      3    5.704e-06    5.276e-06    0.92    1.285e-05      2.25
      4    6.962e-06    6.949e-06    1.00    1.275e-05      1.83
      5    7.505e-06    8.016e-06    1.07    1.424e-05      1.90
      6    7.385e-06    7.794e-06    1.06    1.253e-05      1.70
      7    7.048e-06    7.197e-06    1.02    2.003e-05      2.84
      8    6.902e-06    6.998e-06    1.01    1.165e-05      1.69
      9    6.997e-06    5.913e-06    0.85    1.151e-05      1.65
     10    6.363e-06    7.968e-06    1.25    1.181e-05      1.86
     11    6.776e-06    6.385e-06    0.94    1.240e-05      1.83
     12    7.692e-06    9.273e-06    1.21    1.221e-05      1.59
     13    6.483e-06    7.207e-06    1.11    1.078e-05      1.66
     14    7.313e-06    8.201e-06    1.12    1.239e-05      1.69
     15    6.894e-06    7.815e-06    1.13    1.059e-05      1.54
     16    6.894e-06    6.536e-06    0.95    1.181e-05      1.71
     17    6.614e-06    7.331e-06    1.11    9.910e-06      1.50
     18    5.997e-06    7.208e-06    1.20    1.146e-05      1.91
     19    5.683e-06    6.623e-06    1.17    9.315e-06      1.64
     20    6.674e-06    6.461e-06    0.97    9.793e-06      1.47
     21    6.539e-06    6.524e-06    1.00    9.955e-06      1.52
     22    6.795e-05    4.982e-05    0.73    7.362e-05      1.08
     23    4.663e-05    4.119e-05    0.88    6.107e-05      1.31
  E28 worst amplification of the carried-in error by any layer's own tensors: 2.84x
  E28 (a divergent layer would show a large ratio at that layer alone; a compensating layer, a ratio far below 1)
  
  E28 --- worst 12 tensors by rel_l2 ---
  tensor                         rel_l2      max_abs      rel_rms
  p0.L22.attn_out             7.362e-05    5.150e-05    1.940e-04
  p0.L22.v_proj               7.362e-05    5.150e-05    1.940e-04
  p1.L22.attn_out             7.201e-05    5.350e-05    2.006e-04
  p0.L22.resid_attn           6.961e-05    4.581e-03    2.067e-03
  p0.L21.resid_mlp            6.795e-05    4.639e-03    2.019e-03
  p3.L22.attn_out             6.524e-05    5.290e-05    1.857e-04
  p0.L22.down_proj            6.288e-05    2.640e-03    1.286e-03
  p0.L23.attn_out             6.107e-05    1.276e-04    2.101e-04
  p0.L23.v_proj               6.107e-05    1.276e-04    2.101e-04
  p0.L22.mlp_act              5.969e-05    3.441e-03    2.883e-03
  p0.L23.o_proj               5.876e-05    5.579e-04    1.411e-03
  p8.L22.attn_out             5.647e-05    4.584e-05    1.597e-04
  
  E28 logits: n=24 max rel_l2=1.787e-05 max rel_rms=9.917e-05 max abs=3.309e-04
### cell=3 gen_toks=16 prompt=<1234567890 + 9876543210 =>
  E37 mem_avail_mb=2027
  LAYERDUMP fp-env=pinned control=x86_64 MXCSR FTZ(bit 15)+DAZ(bit 6)
  LAYERDUMP tokenization=SUPPLIED prompt_token_ids=[16, 17, 18, 19, 20, 21, 22, 23, 24, 15, 488, 220, 24, 23, 22, 21, 20, 19, 18, 17, 16, 15, 284] (spec 3.1.3/3.1.4 refuse this tokenizer.json; spec 4-11 only, NOT a conformance run)
  LAYERDUMP bytes=207891928
  LAYERDUMP witness-digest 062b30599363cebf1ae00075e41b881d29244370d0d815610472ae09eba6335f
  LAYERDUMP argmax-digest e2685f03fe5b10068468cdc65db71bdada3596bd74749f95df92469aa8e8a8bd
  E37 supplied_ids=16,17,18,19,20,21,22,23,24,15,488,220,24,23,22,21,20,19,18,17,16,15,284
  E37 prompt_ids=16,17,18,19,20,21,22,23,24,15,488,220,24,23,22,21,20,19,18,17,16,15,284
  E37 generated_ids=220,16,16,16,16,16,16,16,16,16,16,198,59,2533,44500,11
  E37 oracle_feed_len=38
  E37 SUPPLIED-ID CHECK PASS
  E37 oracle_argmax_per_step=24,9754,13,20,21,22,23,24,15,16,220,16,23,22,21,20,19,18,17,16,488,488,220,16,16,16,16,16,16,16,16,16,16,198,59,2533,44500,11
  E37 TOKEN CHECK PASS (oracle reproduces every generated id)
  E28 verifier tensors=11970 duplicate-records=11970 duplicates-that-differ=0
  E28 oracle   tensors=11970 duplicate-records=0 duplicates-that-differ=0
  E28 compared tensors=11970
  E28 shape-mismatches=0
  E28 WORST rel_l2 over all 11970 tensors: 9.787e-05 at p0.L22.down_proj (max_abs=3.828e-03 rel_rms=2.266e-03)
  E28 WORST rel_rms: 2.528e-03 at p0.L22.resid_attn (rel_l2=8.601e-05 max_abs=4.059e-03)
  
  E28 --- by tensor kind (max over all layers and positions) ---
  kind              n   max rel_l2  max rel_rms
  down_proj       912    9.787e-05    2.266e-03
  resid_attn      912    8.601e-05    2.528e-03
  resid_mlp       912    8.575e-05    2.525e-03
  o_proj          912    8.377e-05    1.296e-03
  mlp_act         912    8.245e-05    2.518e-03
  ln1             912    7.505e-05    1.004e-03
  attn_out        912    6.818e-05    2.405e-04
  v_proj          912    6.818e-05    2.405e-04
  ln2             912    6.524e-05    9.925e-04
  gate_proj       912    6.081e-05    2.667e-04
  k_proj          912    5.236e-05    2.048e-04
  q_proj          912    4.886e-05    1.640e-04
  up_proj         912    4.063e-05    1.993e-04
  final_norm       38    2.268e-05    1.639e-04
  logits           38    1.646e-05    7.235e-05
  embed            38    0.000e+00    0.000e+00
  
  E28 --- by depth (max over all 19 positions) ---
  layer   own tensors    resid_mlp  cancellation
         worst rel_l2       rel_l2    x at worst
      0     1.138e-05    7.232e-06          1.14
      1     1.349e-05    6.573e-06          1.37
      2     1.636e-05    7.974e-06          1.48
      3     1.784e-05    9.854e-06          1.62
      4     1.693e-05    9.369e-06          1.63
      5     1.528e-05    8.061e-06          1.56
      6     1.745e-05    8.272e-06          1.56
      7     1.641e-05    7.069e-06          1.53
      8     1.215e-05    6.678e-06          1.40
      9     1.039e-05    6.305e-06          1.41
     10     1.011e-05    5.870e-06          1.34
     11     9.457e-06    5.985e-06          1.42
     12     1.022e-05    5.720e-06          1.36
     13     8.791e-06    5.321e-06          1.38
     14     1.084e-05    5.023e-06          1.32
     15     8.365e-06    4.576e-06          1.42
     16     1.195e-05    5.754e-06          1.42
     17     9.861e-06    5.355e-06          1.30
     18     1.015e-05    5.316e-06          1.26
     19     9.059e-06    5.064e-06          1.31
     20     7.930e-06    4.606e-06          1.33
     21     7.134e-06    8.575e-05         68.06
     22     9.787e-05    5.129e-05          1.64
     23     5.609e-05    1.791e-05          1.99
  E28 per-layer worst own-tensor rel_l2: min=7.134e-06 max=9.787e-05 spread=13.72x over 24 layers
  E28 layers whose own-tensor error more than tripled over the previous layer: 1 [(22, 13.71904595698757)]
  
  E28 --- does a layer create error, or carry in what it was handed? ---
  layer   carried-in      own ln1   ratio    worst own  /carried
      1    7.232e-06    9.816e-06    1.36    1.349e-05      1.87
      2    6.573e-06    6.362e-06    0.97    1.636e-05      2.49
      3    7.974e-06    7.555e-06    0.95    1.784e-05      2.24
      4    9.854e-06    8.252e-06    0.84    1.693e-05      1.72
      5    9.369e-06    8.505e-06    0.91    1.528e-05      1.63
      6    8.061e-06    7.249e-06    0.90    1.745e-05      2.17
      7    8.272e-06    6.941e-06    0.84    1.641e-05      1.98
      8    7.069e-06    6.293e-06    0.89    1.215e-05      1.72
      9    6.678e-06    5.985e-06    0.90    1.039e-05      1.56
     10    6.305e-06    5.984e-06    0.95    1.011e-05      1.60
     11    5.870e-06    5.832e-06    0.99    9.457e-06      1.61
     12    5.985e-06    6.913e-06    1.16    1.022e-05      1.71
     13    5.720e-06    6.442e-06    1.13    8.791e-06      1.54
     14    5.321e-06    6.623e-06    1.24    1.084e-05      2.04
     15    5.023e-06    5.630e-06    1.12    8.365e-06      1.67
     16    4.576e-06    4.881e-06    1.07    1.195e-05      2.61
     17    5.754e-06    5.935e-06    1.03    9.861e-06      1.71
     18    5.355e-06    5.875e-06    1.10    1.015e-05      1.90
     19    5.316e-06    5.441e-06    1.02    9.059e-06      1.70
     20    5.064e-06    5.765e-06    1.14    7.930e-06      1.57
     21    4.606e-06    6.433e-06    1.40    7.134e-06      1.55
     22    8.575e-05    7.505e-05    0.88    9.787e-05      1.14
     23    5.129e-05    4.916e-05    0.96    5.609e-05      1.09
  E28 worst amplification of the carried-in error by any layer's own tensors: 2.61x
  E28 (a divergent layer would show a large ratio at that layer alone; a compensating layer, a ratio far below 1)
  
  E28 --- worst 12 tensors by rel_l2 ---
  tensor                         rel_l2      max_abs      rel_rms
  p0.L22.down_proj            9.787e-05    3.828e-03    2.266e-03
  p0.L22.resid_attn           8.601e-05    4.059e-03    2.528e-03
  p0.L21.resid_mlp            8.575e-05    4.150e-03    2.525e-03
  p0.L22.o_proj               8.377e-05    2.198e-04    1.207e-03
  p0.L22.mlp_act              8.245e-05    2.552e-03    2.518e-03
  p0.L22.ln1                  7.505e-05    1.675e-03    1.004e-03
  p0.L22.attn_out             6.818e-05    2.005e-04    2.405e-04
  p0.L22.v_proj               6.818e-05    2.005e-04    2.405e-04
  p0.L22.ln2                  6.524e-05    1.362e-03    9.925e-04
  p0.L22.gate_proj            6.081e-05    3.133e-04    2.667e-04
  p1.L22.o_proj               5.779e-05    1.099e-04    6.821e-04
  p0.L23.resid_attn           5.631e-05    9.270e-04    4.824e-04
  
  E28 logits: n=38 max rel_l2=1.646e-05 max rel_rms=7.235e-05 max abs=2.408e-04
### cell=4 gen_toks=16 prompt=<def f(x): return x * 2>
  E37 mem_avail_mb=2095
  LAYERDUMP fp-env=pinned control=x86_64 MXCSR FTZ(bit 15)+DAZ(bit 6)
  LAYERDUMP tokenization=SUPPLIED prompt_token_ids=[750, 282, 2075, 1648, 470, 856, 353, 220, 17] (spec 3.1.3/3.1.4 refuse this tokenizer.json; spec 4-11 only, NOT a conformance run)
  LAYERDUMP bytes=131297844
  LAYERDUMP witness-digest 218bd7d96558e78afa9739a4e548f61fd2b145ea7ec3c31dedbb6748dcf80c61
  LAYERDUMP argmax-digest 4a66d2ca38948a30b7341a78e7f6e1eb2d1bdb2fbb781f4817246b4c9d384bb6
  E37 supplied_ids=750,282,2075,1648,470,856,353,220,17
  E37 prompt_ids=750,282,2075,1648,470,856,353,220,17
  E37 generated_ids=271,750,342,2075,1648,470,856,353,220,18,271,750,305,2075,1648,470
  E37 oracle_feed_len=24
  E37 SUPPLIED-ID CHECK PASS
  E37 oracle_argmax_per_step=1477,37936,982,470,856,334,856,17,271,750,342,2075,1648,470,856,353,220,18,271,750,305,2075,1648,470
  E37 TOKEN CHECK PASS (oracle reproduces every generated id)
  E28 verifier tensors=7560 duplicate-records=7560 duplicates-that-differ=0
  E28 oracle   tensors=7560 duplicate-records=0 duplicates-that-differ=0
  E28 compared tensors=7560
  E28 shape-mismatches=0
  E28 WORST rel_l2 over all 7560 tensors: 1.730e-05 at p0.L22.ln1 (max_abs=5.307e-04 rel_rms=4.181e-04)
  E28 WORST rel_rms: 4.181e-04 at p0.L22.ln1 (rel_l2=1.730e-05 max_abs=5.307e-04)
  
  E28 --- by tensor kind (max over all layers and positions) ---
  kind              n   max rel_l2  max rel_rms
  ln1             576    1.730e-05    4.181e-04
  o_proj          576    1.687e-05    2.117e-04
  k_proj          576    1.614e-05    1.160e-04
  attn_out        576    1.431e-05    2.245e-04
  v_proj          576    1.382e-05    4.153e-05
  mlp_act         576    1.129e-05    3.608e-04
  ln2             576    1.107e-05    1.425e-04
  down_proj       576    1.104e-05    1.454e-04
  resid_attn      576    1.092e-05    2.738e-04
  resid_mlp       576    1.077e-05    2.720e-04
  gate_proj       576    1.018e-05    6.662e-05
  up_proj         576    8.127e-06    8.735e-05
  q_proj          576    8.121e-06    5.080e-05
  logits           24    5.888e-06    2.674e-05
  final_norm       24    4.832e-06    6.757e-05
  embed            24    0.000e+00    0.000e+00
  
  E28 --- by depth (max over all 19 positions) ---
  layer   own tensors    resid_mlp  cancellation
         worst rel_l2       rel_l2    x at worst
      0     1.414e-05    6.448e-06          1.17
      1     1.095e-05    5.331e-06          1.28
      2     1.049e-05    5.371e-06          1.42
      3     1.129e-05    5.024e-06          1.55
      4     9.437e-06    4.594e-06          1.49
      5     1.614e-05    3.801e-06          1.45
      6     1.292e-05    3.945e-06          1.46
      7     1.561e-05    3.880e-06          1.45
      8     8.415e-06    3.660e-06          1.40
      9     7.559e-06    3.487e-06          1.35
     10     1.131e-05    3.498e-06          1.29
     11     7.879e-06    3.368e-06          1.38
     12     6.810e-06    3.122e-06          1.30
     13     5.845e-06    3.071e-06          1.33
     14     6.429e-06    2.718e-06          1.30
     15     5.058e-06    2.708e-06          1.37
     16     7.781e-06    2.760e-06          1.38
     17     6.225e-06    2.612e-06          1.30
     18     6.190e-06    2.573e-06          1.27
     19     1.244e-05    2.602e-06          1.31
     20     6.173e-06    2.403e-06          1.28
     21     4.106e-06    1.077e-05         43.83
     22     1.730e-05    6.696e-06          1.62
     23     1.145e-05    5.836e-06          2.25
  E28 per-layer worst own-tensor rel_l2: min=4.106e-06 max=1.730e-05 spread=4.21x over 24 layers
  E28 layers whose own-tensor error more than tripled over the previous layer: 1 [(22, 4.214646464901119)]
  
  E28 --- does a layer create error, or carry in what it was handed? ---
  layer   carried-in      own ln1   ratio    worst own  /carried
      1    6.448e-06    1.095e-05    1.70    1.095e-05      1.70
      2    5.331e-06    6.619e-06    1.24    1.049e-05      1.97
      3    5.371e-06    5.317e-06    0.99    1.129e-05      2.10
      4    5.024e-06    5.031e-06    1.00    9.437e-06      1.88
      5    4.594e-06    5.043e-06    1.10    1.614e-05      3.51
      6    3.801e-06    4.139e-06    1.09    1.292e-05      3.40
      7    3.945e-06    3.758e-06    0.95    1.561e-05      3.96
      8    3.880e-06    4.342e-06    1.12    8.415e-06      2.17
      9    3.660e-06    4.165e-06    1.14    7.559e-06      2.06
     10    3.487e-06    4.350e-06    1.25    1.131e-05      3.24
     11    3.498e-06    4.355e-06    1.24    7.879e-06      2.25
     12    3.368e-06    4.542e-06    1.35    6.810e-06      2.02
     13    3.122e-06    3.696e-06    1.18    5.845e-06      1.87
     14    3.071e-06    3.782e-06    1.23    6.429e-06      2.09
     15    2.718e-06    3.468e-06    1.28    5.058e-06      1.86
     16    2.708e-06    2.809e-06    1.04    7.781e-06      2.87
     17    2.760e-06    2.987e-06    1.08    6.225e-06      2.26
     18    2.612e-06    2.968e-06    1.14    6.190e-06      2.37
     19    2.573e-06    2.897e-06    1.13    1.244e-05      4.83
     20    2.602e-06    3.090e-06    1.19    6.173e-06      2.37
     21    2.403e-06    3.489e-06    1.45    4.106e-06      1.71
     22    1.077e-05    1.730e-05    1.61    1.730e-05      1.61
     23    6.696e-06    1.024e-05    1.53    1.145e-05      1.71
  E28 worst amplification of the carried-in error by any layer's own tensors: 4.83x
  E28 (a divergent layer would show a large ratio at that layer alone; a compensating layer, a ratio far below 1)
  
  E28 --- worst 12 tensors by rel_l2 ---
  tensor                         rel_l2      max_abs      rel_rms
  p0.L22.ln1                  1.730e-05    5.307e-04    4.181e-04
  p4.L22.o_proj               1.687e-05    2.238e-05    1.353e-04
  p5.L22.o_proj               1.618e-05    2.301e-05    1.128e-04
  p0.L5.k_proj                1.614e-05    9.537e-06    1.160e-04
  p2.L22.o_proj               1.601e-05    3.004e-05    1.752e-04
  p0.L7.k_proj                1.561e-05    4.530e-06    7.387e-05
  p3.L22.o_proj               1.542e-05    1.335e-05    9.834e-05
  p8.L22.o_proj               1.460e-05    1.073e-05    7.948e-05
  p1.L22.o_proj               1.437e-05    2.456e-05    1.533e-04
  p2.L22.attn_out             1.431e-05    2.342e-05    4.165e-05
  p10.L0.attn_out             1.414e-05    4.016e-06    2.245e-04
  p1.L22.attn_out             1.402e-05    2.337e-05    4.168e-05
  
  E28 logits: n=24 max rel_l2=5.888e-06 max rel_rms=2.674e-05 max abs=8.011e-05
### cell=5 gen_toks=64 prompt=<Once upon a time>
  E37 mem_avail_mb=2105
  LAYERDUMP fp-env=pinned control=x86_64 MXCSR FTZ(bit 15)+DAZ(bit 6)
  LAYERDUMP tokenization=SUPPLIED prompt_token_ids=[12522, 5193, 264, 882] (spec 3.1.3/3.1.4 refuse this tokenizer.json; spec 4-11 only, NOT a conformance run)
  LAYERDUMP bytes=366551102
  LAYERDUMP witness-digest c6fb8e1d39b0add91bcae5512febd5471117cd4aa50d077081cfdde55886fac0
  LAYERDUMP argmax-digest 4e1b1d2378a33989173879754e05ffdeb6210cec48ff66cbfe54fdd4d2f56a3e
  E37 supplied_ids=12522,5193,264,882
  E37 prompt_ids=12522,5193,264,882
  E37 generated_ids=11,1052,572,264,2632,3743,6941,47290,13,2932,10245,311,1486,448,1059,23069,323,3736,279,9759,13,3776,1899,11,1340,1730,264,3281,21357,429,1410,1281,1059,1490,304,2155,7987,13,2932,6941,432,279,330,1636,32342,1189,4710,3966,1899,11,47290,6635,311,1486,448,1059,21357,323,5485,264,47613,315,7987,13
  E37 oracle_feed_len=67
  E37 SUPPLIED-ID CHECK PASS
  E37 oracle_argmax_per_step=5193,264,882,11,1052,572,264,2632,3743,6941,47290,13,2932,10245,311,1486,448,1059,23069,323,3736,279,9759,13,3776,1899,11,1340,1730,264,3281,21357,429,1410,1281,1059,1490,304,2155,7987,13,2932,6941,432,279,330,1636,32342,1189,4710,3966,1899,11,47290,6635,311,1486,448,1059,21357,323,5485,264,47613,315,7987,13
  E37 TOKEN CHECK PASS (oracle reproduces every generated id)
  E28 verifier tensors=21105 duplicate-records=21105 duplicates-that-differ=0
  E28 oracle   tensors=21105 duplicate-records=0 duplicates-that-differ=0
  E28 compared tensors=21105
  E28 shape-mismatches=0
  E28 WORST rel_l2 over all 21105 tensors: 9.923e-05 at p0.L22.o_proj (max_abs=2.794e-04 rel_rms=1.639e-03)
  E28 WORST rel_rms: 2.705e-03 at p0.L21.resid_mlp (rel_l2=9.081e-05 max_abs=4.883e-03)
  
  E28 --- by tensor kind (max over all layers and positions) ---
  kind              n   max rel_l2  max rel_rms
  o_proj         1608    9.923e-05    1.639e-03
  down_proj      1608    9.726e-05    2.359e-03
  resid_mlp      1608    9.081e-05    2.705e-03
  resid_attn     1608    8.956e-05    2.654e-03
  mlp_act        1608    8.475e-05    1.439e-03
  attn_out       1608    7.763e-05    2.547e-04
  v_proj         1608    7.763e-05    2.205e-04
  ln1            1608    6.733e-05    8.754e-04
  ln2            1608    6.488e-05    8.831e-04
  gate_proj      1608    5.436e-05    3.252e-04
  logits           67    5.320e-05    2.496e-04
  q_proj         1608    5.062e-05    1.579e-04
  up_proj        1608    4.582e-05    2.717e-04
  k_proj         1608    3.607e-05    1.236e-04
  final_norm       67    3.274e-05    1.956e-04
  embed            67    0.000e+00    0.000e+00
  
  E28 --- by depth (max over all 19 positions) ---
  layer   own tensors    resid_mlp  cancellation
         worst rel_l2       rel_l2    x at worst
      0     1.511e-05    6.272e-06          1.16
      1     9.675e-06    5.563e-06          1.43
      2     9.322e-06    5.643e-06          1.50
      3     1.069e-05    5.539e-06          1.59
      4     9.701e-06    5.191e-06          1.48
      5     1.099e-05    5.384e-06          1.54
      6     8.913e-06    5.400e-06          1.51
      7     1.741e-05    5.253e-06          1.54
      8     9.340e-06    5.194e-06          1.50
      9     9.946e-06    5.296e-06          1.38
     10     9.737e-06    5.803e-06          1.29
     11     1.075e-05    5.700e-06          1.38
     12     1.059e-05    5.277e-06          1.29
     13     9.612e-06    5.239e-06          1.30
     14     9.209e-06    4.658e-06          1.26
     15     6.894e-06    4.136e-06          1.32
     16     1.254e-05    3.965e-06          1.31
     17     9.636e-06    4.033e-06          1.32
     18     9.724e-06    4.043e-06          1.27
     19     9.752e-06    4.110e-06          1.27
     20     6.974e-06    3.469e-06          1.21
     21     5.327e-06    9.081e-05         63.66
     22     9.923e-05    5.568e-05          1.87
     23     6.333e-05    5.303e-05          2.63
  E28 per-layer worst own-tensor rel_l2: min=5.327e-06 max=9.923e-05 spread=18.63x over 24 layers
  E28 layers whose own-tensor error more than tripled over the previous layer: 1 [(22, 18.629239340921348)]
  
  E28 --- does a layer create error, or carry in what it was handed? ---
  layer   carried-in      own ln1   ratio    worst own  /carried
      1    6.272e-06    9.210e-06    1.47    9.675e-06      1.54
      2    5.563e-06    6.058e-06    1.09    9.322e-06      1.68
      3    5.643e-06    5.231e-06    0.93    1.069e-05      1.89
      4    5.539e-06    5.660e-06    1.02    9.701e-06      1.75
      5    5.191e-06    5.960e-06    1.15    1.099e-05      2.12
      6    5.384e-06    5.784e-06    1.07    8.913e-06      1.66
      7    5.400e-06    5.047e-06    0.93    1.741e-05      3.22
      8    5.253e-06    5.514e-06    1.05    9.340e-06      1.78
      9    5.194e-06    4.728e-06    0.91    9.946e-06      1.91
     10    5.296e-06    6.830e-06    1.29    9.737e-06      1.84
     11    5.803e-06    5.541e-06    0.95    1.075e-05      1.85
     12    5.700e-06    7.526e-06    1.32    1.059e-05      1.86
     13    5.277e-06    6.452e-06    1.22    9.612e-06      1.82
     14    5.239e-06    6.568e-06    1.25    9.209e-06      1.76
     15    4.658e-06    5.310e-06    1.14    6.894e-06      1.48
     16    4.136e-06    4.141e-06    1.00    1.254e-05      3.03
     17    3.965e-06    4.050e-06    1.02    9.636e-06      2.43
     18    4.033e-06    4.048e-06    1.00    9.724e-06      2.41
     19    4.043e-06    4.317e-06    1.07    9.752e-06      2.41
     20    4.110e-06    4.647e-06    1.13    6.974e-06      1.70
     21    3.469e-06    4.683e-06    1.35    5.327e-06      1.54
     22    9.081e-05    6.733e-05    0.74    9.923e-05      1.09
     23    5.568e-05    4.089e-05    0.73    6.333e-05      1.14
  E28 worst amplification of the carried-in error by any layer's own tensors: 3.22x
  E28 (a divergent layer would show a large ratio at that layer alone; a compensating layer, a ratio far below 1)
  
  E28 --- worst 12 tensors by rel_l2 ---
  tensor                         rel_l2      max_abs      rel_rms
  p0.L22.o_proj               9.923e-05    2.794e-04    1.639e-03
  p0.L22.down_proj            9.726e-05    3.370e-03    2.359e-03
  p0.L21.resid_mlp            9.081e-05    4.883e-03    2.705e-03
  p0.L22.resid_attn           8.956e-05    4.784e-03    2.654e-03
  p0.L22.mlp_act              8.475e-05    9.928e-04    1.189e-03
  p0.L22.attn_out             7.763e-05    2.134e-04    2.205e-04
  p0.L22.v_proj               7.763e-05    2.134e-04    2.205e-04
  p1.L22.o_proj               7.251e-05    2.106e-04    9.897e-04
  p0.L23.resid_attn           6.741e-05    1.424e-03    9.725e-04
  p0.L22.ln1                  6.733e-05    1.471e-03    8.754e-04
  p0.L22.ln2                  6.488e-05    1.169e-03    8.410e-04
  p0.L23.mlp_act              6.333e-05    2.653e-03    1.439e-03
  
  E28 logits: n=67 max rel_l2=5.320e-05 max rel_rms=2.496e-04 max abs=7.400e-04
### cell=6 gen_toks=32 prompt=<A>
  E37 mem_avail_mb=2166
  LAYERDUMP fp-env=pinned control=x86_64 MXCSR FTZ(bit 15)+DAZ(bit 6)
  LAYERDUMP tokenization=SUPPLIED prompt_token_ids=[32] (spec 3.1.3/3.1.4 refuse this tokenizer.json; spec 4-11 only, NOT a conformance run)
  LAYERDUMP bytes=175065892
  LAYERDUMP witness-digest aaefd338ab8dddb5af9c120f0c9e01bb77c55d48b333ae03a193b7c443a4d4cc
  LAYERDUMP argmax-digest 2417983c0dcae58708dbbbfd67c4b155f85a10a19f4570d5102f9e07a15a8494
  E37 supplied_ids=32
  E37 prompt_ids=32
  E37 generated_ids=1550,2906,6888,6335,374,34721,264,10707,1380,4143,525,4588,311,11625,264,3491,15860,264,8500,315,5109,13,576,8500,8471,448,220,16,11,323,1817,17420
  E37 oracle_feed_len=32
  E37 SUPPLIED-ID CHECK PASS
  E37 oracle_argmax_per_step=1550,2906,6888,6335,374,34721,264,10707,1380,4143,525,4588,311,11625,264,3491,15860,264,8500,315,5109,13,576,8500,8471,448,220,16,11,323,1817,17420
  E37 TOKEN CHECK PASS (oracle reproduces every generated id)
  E28 verifier tensors=10080 duplicate-records=10080 duplicates-that-differ=0
  E28 oracle   tensors=10080 duplicate-records=0 duplicates-that-differ=0
  E28 compared tensors=10080
  E28 shape-mismatches=0
  E28 WORST rel_l2 over all 10080 tensors: 4.639e-05 at p0.L22.resid_attn (max_abs=2.895e-03 rel_rms=1.354e-03)
  E28 WORST rel_rms: 1.376e-03 at p0.L22.mlp_act (rel_l2=4.039e-05 max_abs=1.629e-03)
  
  E28 --- by tensor kind (max over all layers and positions) ---
  kind              n   max rel_l2  max rel_rms
  resid_attn      768    4.639e-05    1.354e-03
  attn_out        768    4.601e-05    2.177e-04
  resid_mlp       768    4.532e-05    1.321e-03
  o_proj          768    4.324e-05    8.779e-04
  v_proj          768    4.220e-05    1.444e-04
  mlp_act         768    4.039e-05    1.376e-03
  down_proj       768    3.952e-05    7.786e-04
  ln1             768    3.765e-05    4.282e-04
  ln2             768    3.607e-05    5.345e-04
  gate_proj       768    3.424e-05    2.180e-04
  q_proj          768    2.275e-05    9.420e-05
  up_proj         768    2.186e-05    1.606e-04
  k_proj          768    1.874e-05    7.876e-05
  final_norm       32    1.143e-05    9.838e-05
  logits           32    1.013e-05    5.111e-05
  embed            32    0.000e+00    0.000e+00
  
  E28 --- by depth (max over all 19 positions) ---
  layer   own tensors    resid_mlp  cancellation
         worst rel_l2       rel_l2    x at worst
      0     1.392e-05    7.032e-06          1.13
      1     9.062e-06    4.102e-06          1.34
      2     7.278e-06    4.476e-06          1.50
      3     7.551e-06    4.348e-06          1.47
      4     7.006e-06    3.989e-06          1.41
      5     1.069e-05    3.510e-06          1.40
      6     6.480e-06    3.495e-06          1.45
      7     8.052e-06    4.192e-06          1.41
      8     6.798e-06    4.095e-06          1.33
      9     6.618e-06    3.943e-06          1.32
     10     7.292e-06    3.723e-06          1.30
     11     6.576e-06    3.672e-06          1.32
     12     5.776e-06    3.530e-06          1.32
     13     7.316e-06    3.361e-06          1.27
     14     4.951e-06    3.292e-06          1.28
     15     4.900e-06    3.452e-06          1.36
     16     8.182e-06    3.276e-06          1.26
     17     9.492e-06    2.840e-06          1.25
     18     6.218e-06    2.667e-06          1.26
     19     8.504e-06    2.764e-06          1.25
     20     6.287e-06    2.641e-06          1.24
     21     5.840e-06    4.532e-05         48.84
     22     4.601e-05    3.310e-05          1.83
     23     3.421e-05    1.724e-05          3.03
  E28 per-layer worst own-tensor rel_l2: min=4.900e-06 max=4.601e-05 spread=9.39x over 24 layers
  E28 layers whose own-tensor error more than tripled over the previous layer: 1 [(22, 7.877946303928564)]
  
  E28 --- does a layer create error, or carry in what it was handed? ---
  layer   carried-in      own ln1   ratio    worst own  /carried
      1    7.032e-06    8.548e-06    1.22    9.062e-06      1.29
      2    4.102e-06    4.933e-06    1.20    7.278e-06      1.77
      3    4.476e-06    4.261e-06    0.95    7.551e-06      1.69
      4    4.348e-06    4.653e-06    1.07    7.006e-06      1.61
      5    3.989e-06    4.606e-06    1.15    1.069e-05      2.68
      6    3.510e-06    4.176e-06    1.19    6.480e-06      1.85
      7    3.495e-06    3.610e-06    1.03    8.052e-06      2.30
      8    4.192e-06    4.058e-06    0.97    6.798e-06      1.62
      9    4.095e-06    4.053e-06    0.99    6.618e-06      1.62
     10    3.943e-06    4.556e-06    1.16    7.292e-06      1.85
     11    3.723e-06    3.682e-06    0.99    6.576e-06      1.77
     12    3.672e-06    4.177e-06    1.14    5.776e-06      1.57
     13    3.530e-06    3.492e-06    0.99    7.316e-06      2.07
     14    3.361e-06    3.540e-06    1.05    4.951e-06      1.47
     15    3.292e-06    3.494e-06    1.06    4.900e-06      1.49
     16    3.452e-06    3.356e-06    0.97    8.182e-06      2.37
     17    3.276e-06    3.364e-06    1.03    9.492e-06      2.90
     18    2.840e-06    3.004e-06    1.06    6.218e-06      2.19
     19    2.667e-06    2.803e-06    1.05    8.504e-06      3.19
     20    2.764e-06    3.217e-06    1.16    6.287e-06      2.27
     21    2.641e-06    3.984e-06    1.51    5.840e-06      2.21
     22    4.532e-05    3.765e-05    0.83    4.601e-05      1.02
     23    3.310e-05    2.715e-05    0.82    3.421e-05      1.03
  E28 worst amplification of the carried-in error by any layer's own tensors: 3.19x
  E28 (a divergent layer would show a large ratio at that layer alone; a compensating layer, a ratio far below 1)
  
  E28 --- worst 12 tensors by rel_l2 ---
  tensor                         rel_l2      max_abs      rel_rms
  p0.L22.resid_attn           4.639e-05    2.895e-03    1.354e-03
  p3.L22.attn_out             4.601e-05    9.990e-05    1.571e-04
  p2.L22.attn_out             4.594e-05    1.047e-04    1.632e-04
  p0.L21.resid_mlp            4.532e-05    2.930e-03    1.321e-03
  p4.L22.attn_out             4.492e-05    9.675e-05    2.177e-04
  p12.L22.o_proj              4.324e-05    1.050e-04    8.574e-04
  p1.L22.attn_out             4.223e-05    6.676e-05    1.443e-04
  p0.L22.attn_out             4.220e-05    6.700e-05    1.444e-04
  p0.L22.v_proj               4.220e-05    6.700e-05    1.444e-04
  p4.L22.o_proj               4.182e-05    8.225e-05    5.178e-04
  p17.L22.o_proj              4.049e-05    8.506e-05    8.779e-04
  p3.L22.o_proj               4.042e-05    9.513e-05    4.496e-04
  
  E28 logits: n=32 max rel_l2=1.013e-05 max rel_rms=5.111e-05 max abs=1.812e-04
