===== (1) reproducibility: pinned build, gen=256, second run
REACH silu IN SUBNORMAL BAND (87.33654, 88.0] n=0 (6.4 evaluates exp_pinned(-x), so this is the softmax band mirrored)
REACH softmax hit 6.2 LOW guard (arg < -88.0 -> 0.0) n=2 (this side is FTZ-independent: the guard returns 0.0 before exp runs, and the unclamped exp would have been subnormal and flushed anyway. The FTZ-dependent side is the SUBNORMAL BAND line below.)
REACH softmax arg range=[-8.8369385e1, 0e0]
REACH softmax IN SUBNORMAL BAND [-88.0, -87.33654) n=2 (>0 means this decode computed a subnormal exp that 1.3's FTZ flushed to zero, so FTZ/DAZ is digest-relevant here and E22's M01 mutant should move the digest; =0 means it is not, which is what E22 item 1 asks and no counter previously answered)
REACH witness-digest ab76b80ba0d5fd826bee8166760b0ed3be4385c064a4df7245fa4ae4cc0335bc
REACH argmax-digest 5991edc7b6176aeb4197d36da484c3ebdcd1ac3a435695d0bd6c12dd586b502e
===== (2) pinned build, gen=128
REACH silu IN SUBNORMAL BAND (87.33654, 88.0] n=0 (6.4 evaluates exp_pinned(-x), so this is the softmax band mirrored)
REACH softmax exp args=5810112
REACH softmax hit 6.2 LOW guard (arg < -88.0 -> 0.0) n=0 (this side is FTZ-independent: the guard returns 0.0 before exp runs, and the unclamped exp would have been subnormal and flushed anyway. The FTZ-dependent side is the SUBNORMAL BAND line below.)
REACH softmax arg range=[-8.023517e1, 0e0]
REACH softmax IN SUBNORMAL BAND [-88.0, -87.33654) n=0 (>0 means this decode computed a subnormal exp that 1.3's FTZ flushed to zero, so FTZ/DAZ is digest-relevant here and E22's M01 mutant should move the digest; =0 means it is not, which is what E22 item 1 asks and no counter previously answered)
REACH witness-digest 6083b14e67813edf4507ffb1432bcb23fd4b25bf2dc30a9ab22e32244e048eb2
===== (2) pinned build, gen=192
REACH silu IN SUBNORMAL BAND (87.33654, 88.0] n=0 (6.4 evaluates exp_pinned(-x), so this is the softmax band mirrored)
REACH softmax exp args=12841920
REACH softmax hit 6.2 LOW guard (arg < -88.0 -> 0.0) n=0 (this side is FTZ-independent: the guard returns 0.0 before exp runs, and the unclamped exp would have been subnormal and flushed anyway. The FTZ-dependent side is the SUBNORMAL BAND line below.)
REACH softmax arg range=[-8.270553e1, 0e0]
REACH softmax IN SUBNORMAL BAND [-88.0, -87.33654) n=0 (>0 means this decode computed a subnormal exp that 1.3's FTZ flushed to zero, so FTZ/DAZ is digest-relevant here and E22's M01 mutant should move the digest; =0 means it is not, which is what E22 item 1 asks and no counter previously answered)
REACH witness-digest 21562d59700d79bf71844792b643cd1c94d97257e06dcebb0034c9fc5ac078b1
===== (3) building M01 mutant (1.3 pin gutted; FTZ/DAZ explicitly CLEARED)
mutant patched
   Compiling cis2-verify v0.1.0 (/home/justinbrianthompson/e38-mut)
    Finished `release` profile [optimized] target(s) in 2.32s
===== (3a) MUTANT gen=256 (expect control= line to show the pin absent)
REACH fp-env=pinned control=x86_64 MXCSR FTZ(bit 15)+DAZ(bit 6)
REACH silu IN SUBNORMAL BAND (87.33654, 88.0] n=0 (6.4 evaluates exp_pinned(-x), so this is the softmax band mirrored)
REACH softmax hit 6.2 LOW guard (arg < -88.0 -> 0.0) n=2 (this side is FTZ-independent: the guard returns 0.0 before exp runs, and the unclamped exp would have been subnormal and flushed anyway. The FTZ-dependent side is the SUBNORMAL BAND line below.)
REACH softmax arg range=[-8.8369385e1, 0e0]
REACH softmax IN SUBNORMAL BAND [-88.0, -87.33654) n=2 (>0 means this decode computed a subnormal exp that 1.3's FTZ flushed to zero, so FTZ/DAZ is digest-relevant here and E22's M01 mutant should move the digest; =0 means it is not, which is what E22 item 1 asks and no counter previously answered)
REACH witness-digest ab76b80ba0d5fd826bee8166760b0ed3be4385c064a4df7245fa4ae4cc0335bc
REACH argmax-digest 5991edc7b6176aeb4197d36da484c3ebdcd1ac3a435695d0bd6c12dd586b502e
===== (3b) MUTANT gen=16 control cell (no band hit expected -> digests must MATCH pinned)
REACH silu IN SUBNORMAL BAND (87.33654, 88.0] n=0 (6.4 evaluates exp_pinned(-x), so this is the softmax band mirrored)
REACH softmax hit 6.2 LOW guard (arg < -88.0 -> 0.0) n=0 (this side is FTZ-independent: the guard returns 0.0 before exp runs, and the unclamped exp would have been subnormal and flushed anyway. The FTZ-dependent side is the SUBNORMAL BAND line below.)
REACH softmax IN SUBNORMAL BAND [-88.0, -87.33654) n=0 (>0 means this decode computed a subnormal exp that 1.3's FTZ flushed to zero, so FTZ/DAZ is digest-relevant here and E22's M01 mutant should move the digest; =0 means it is not, which is what E22 item 1 asks and no counter previously answered)
REACH witness-digest c9dff099d927a6dda91514c260c7207de7aca4b361291e57fae390a352392e62
REACH argmax-digest 9619177f959f63d175d9442e73a6063f31654b08ba4e38717e88bd2e39b0aff5
===== (3c) PINNED gen=16 for comparison
REACH silu IN SUBNORMAL BAND (87.33654, 88.0] n=0 (6.4 evaluates exp_pinned(-x), so this is the softmax band mirrored)
REACH softmax hit 6.2 LOW guard (arg < -88.0 -> 0.0) n=0 (this side is FTZ-independent: the guard returns 0.0 before exp runs, and the unclamped exp would have been subnormal and flushed anyway. The FTZ-dependent side is the SUBNORMAL BAND line below.)
REACH softmax IN SUBNORMAL BAND [-88.0, -87.33654) n=0 (>0 means this decode computed a subnormal exp that 1.3's FTZ flushed to zero, so FTZ/DAZ is digest-relevant here and E22's M01 mutant should move the digest; =0 means it is not, which is what E22 item 1 asks and no counter previously answered)
REACH witness-digest c9dff099d927a6dda91514c260c7207de7aca4b361291e57fae390a352392e62
REACH argmax-digest 9619177f959f63d175d9442e73a6063f31654b08ba4e38717e88bd2e39b0aff5
== E38-VERIFY DONE
